Component: ARM Compiler 5.06 update 6 (build 750) Tool: armlink [4d35ed]

==============================================================================

Section Cross References

    startup_stm32f407xx.o(RESET) refers to startup_stm32f407xx.o(STACK) for __initial_sp
    startup_stm32f407xx.o(RESET) refers to startup_stm32f407xx.o(.text) for Reset_Handler
    startup_stm32f407xx.o(RESET) refers to stm32f4xx_it.o(i.NMI_Handler) for NMI_Handler
    startup_stm32f407xx.o(RESET) refers to stm32f4xx_it.o(i.HardFault_Handler) for HardFault_Handler
    startup_stm32f407xx.o(RESET) refers to stm32f4xx_it.o(i.MemManage_Handler) for MemManage_Handler
    startup_stm32f407xx.o(RESET) refers to stm32f4xx_it.o(i.BusFault_Handler) for BusFault_Handler
    startup_stm32f407xx.o(RESET) refers to stm32f4xx_it.o(i.UsageFault_Handler) for UsageFault_Handler
    startup_stm32f407xx.o(RESET) refers to stm32f4xx_it.o(i.SVC_Handler) for SVC_Handler
    startup_stm32f407xx.o(RESET) refers to stm32f4xx_it.o(i.DebugMon_Handler) for DebugMon_Handler
    startup_stm32f407xx.o(RESET) refers to stm32f4xx_it.o(i.PendSV_Handler) for PendSV_Handler
    startup_stm32f407xx.o(RESET) refers to stm32f4xx_it.o(i.SysTick_Handler) for SysTick_Handler
    startup_stm32f407xx.o(RESET) refers to stm32f4xx_it.o(i.TIM2_IRQHandler) for TIM2_IRQHandler
    startup_stm32f407xx.o(RESET) refers to stm32f4xx_it.o(i.TIM4_IRQHandler) for TIM4_IRQHandler
    startup_stm32f407xx.o(RESET) refers to main.o(i.USART3_IRQHandler) for USART3_IRQHandler
    startup_stm32f407xx.o(.text) refers to system_stm32f4xx.o(i.SystemInit) for SystemInit
    startup_stm32f407xx.o(.text) refers to entry.o(.ARM.Collect$$$$00000000) for __main
    main.o(i.HAL_TIM_PeriodElapsedCallback) refers to inv_mpu.o(i.mpu_dmp_get_data) for mpu_dmp_get_data
    main.o(i.HAL_TIM_PeriodElapsedCallback) refers to mpu6050.o(i.MPU_Get_Temperature) for MPU_Get_Temperature
    main.o(i.HAL_TIM_PeriodElapsedCallback) refers to mpu6050.o(i.MPU_Get_Accelerometer) for MPU_Get_Accelerometer
    main.o(i.HAL_TIM_PeriodElapsedCallback) refers to mpu6050.o(i.MPU_Get_Gyroscope) for MPU_Get_Gyroscope
    main.o(i.HAL_TIM_PeriodElapsedCallback) refers to main.o(i.balance) for balance
    main.o(i.HAL_TIM_PeriodElapsedCallback) refers to main.o(i.velocity) for velocity
    main.o(i.HAL_TIM_PeriodElapsedCallback) refers to stm32f4xx_hal_gpio.o(i.HAL_GPIO_TogglePin) for HAL_GPIO_TogglePin
    main.o(i.HAL_TIM_PeriodElapsedCallback) refers to main.o(.bss) for .bss
    main.o(i.HAL_TIM_PeriodElapsedCallback) refers to main.o(.data) for .data
    main.o(i.HAL_UART_RxCpltCallback) refers to strcmp.o(.text) for strcmp
    main.o(i.HAL_UART_RxCpltCallback) refers to main.o(.data) for .data
    main.o(i.HAL_UART_RxCpltCallback) refers to main.o(.bss) for .bss
    main.o(i.KEY_Init) refers to stm32f4xx_hal_gpio.o(i.HAL_GPIO_Init) for HAL_GPIO_Init
    main.o(i.LED_Init) refers to stm32f4xx_hal_gpio.o(i.HAL_GPIO_Init) for HAL_GPIO_Init
    main.o(i.LED_Init) refers to stm32f4xx_hal_gpio.o(i.HAL_GPIO_WritePin) for HAL_GPIO_WritePin
    main.o(i.MX_GPIO_Init) refers to memseta.o(.text) for __aeabi_memclr4
    main.o(i.MX_GPIO_Init) refers to stm32f4xx_hal_gpio.o(i.HAL_GPIO_WritePin) for HAL_GPIO_WritePin
    main.o(i.MX_GPIO_Init) refers to stm32f4xx_hal_gpio.o(i.HAL_GPIO_Init) for HAL_GPIO_Init
    main.o(i.MX_TIM1_Init) refers to memseta.o(.text) for __aeabi_memclr4
    main.o(i.MX_TIM1_Init) refers to stm32f4xx_hal_tim.o(i.HAL_TIM_Base_Init) for HAL_TIM_Base_Init
    main.o(i.MX_TIM1_Init) refers to stm32f4xx_hal_tim.o(i.HAL_TIM_ConfigClockSource) for HAL_TIM_ConfigClockSource
    main.o(i.MX_TIM1_Init) refers to stm32f4xx_hal_tim.o(i.HAL_TIM_PWM_Init) for HAL_TIM_PWM_Init
    main.o(i.MX_TIM1_Init) refers to stm32f4xx_hal_tim_ex.o(i.HAL_TIMEx_MasterConfigSynchronization) for HAL_TIMEx_MasterConfigSynchronization
    main.o(i.MX_TIM1_Init) refers to stm32f4xx_hal_tim.o(i.HAL_TIM_PWM_ConfigChannel) for HAL_TIM_PWM_ConfigChannel
    main.o(i.MX_TIM1_Init) refers to stm32f4xx_hal_tim_ex.o(i.HAL_TIMEx_ConfigBreakDeadTime) for HAL_TIMEx_ConfigBreakDeadTime
    main.o(i.MX_TIM1_Init) refers to stm32f4xx_hal_msp.o(i.HAL_TIM_MspPostInit) for HAL_TIM_MspPostInit
    main.o(i.MX_TIM1_Init) refers to main.o(.bss) for .bss
    main.o(i.MX_TIM2_Init) refers to stm32f4xx_hal_tim.o(i.HAL_TIM_Base_Init) for HAL_TIM_Base_Init
    main.o(i.MX_TIM2_Init) refers to stm32f4xx_hal_tim.o(i.HAL_TIM_ConfigClockSource) for HAL_TIM_ConfigClockSource
    main.o(i.MX_TIM2_Init) refers to stm32f4xx_hal_tim_ex.o(i.HAL_TIMEx_MasterConfigSynchronization) for HAL_TIMEx_MasterConfigSynchronization
    main.o(i.MX_TIM2_Init) refers to main.o(.bss) for .bss
    main.o(i.MX_TIM3_Init) refers to memseta.o(.text) for __aeabi_memclr4
    main.o(i.MX_TIM3_Init) refers to stm32f4xx_hal_tim.o(i.HAL_TIM_Base_Init) for HAL_TIM_Base_Init
    main.o(i.MX_TIM3_Init) refers to stm32f4xx_hal_tim.o(i.HAL_TIM_ConfigClockSource) for HAL_TIM_ConfigClockSource
[...]
    i.KEY_Init                               0x0800239c   Section        0  main.o(i.KEY_Init)
    i.LED_Init                               0x080023d8   Section        0  main.o(i.LED_Init)
    i.MPU_Get_Accelerometer                  0x08002434   Section        0  mpu6050.o(i.MPU_Get_Accelerometer)
    i.MPU_Get_Gyroscope                      0x08002466   Section        0  mpu6050.o(i.MPU_Get_Gyroscope)
    i.MPU_Get_Temperature                    0x08002498   Section        0  mpu6050.o(i.MPU_Get_Temperature)
    i.MPU_Init                               0x080024fc   Section        0  mpu6050.o(i.MPU_Init)
    i.MPU_Read_Byte                          0x0800258c   Section        0  mpu6050.o(i.MPU_Read_Byte)
    i.MPU_Read_Len                           0x080025c8   Section        0  mpu6050.o(i.MPU_Read_Len)
    i.MPU_Set_Accel_Fsr                      0x08002634   Section        0  mpu6050.o(i.MPU_Set_Accel_Fsr)
    i.MPU_Set_Gyro_Fsr                       0x0800263e   Section        0  mpu6050.o(i.MPU_Set_Gyro_Fsr)
    i.MPU_Set_LPF                            0x08002648   Section        0  mpu6050.o(i.MPU_Set_LPF)
    i.MPU_Set_Rate                           0x08002678   Section        0  mpu6050.o(i.MPU_Set_Rate)
    i.MPU_Write_Byte                         0x080026a6   Section        0  mpu6050.o(i.MPU_Write_Byte)
    i.MPU_Write_Len                          0x080026e2   Section        0  mpu6050.o(i.MPU_Write_Len)
    i.MX_GPIO_Init                           0x08002734   Section        0  main.o(i.MX_GPIO_Init)
    MX_GPIO_Init                             0x08002735   Thumb Code   164  main.o(i.MX_GPIO_Init)
    i.MX_TIM1_Init                           0x080027e0   Section        0  main.o(i.MX_TIM1_Init)
    MX_TIM1_Init                             0x080027e1   Thumb Code   242  main.o(i.MX_TIM1_Init)
    i.MX_TIM2_Init                           0x080028dc   Section        0  main.o(i.MX_TIM2_Init)
    MX_TIM2_Init                             0x080028dd   Thumb Code    98  main.o(i.MX_TIM2_Init)
    i.MX_TIM3_Init                           0x08002944   Section        0  main.o(i.MX_TIM3_Init)
    MX_TIM3_Init                             0x08002945   Thumb Code   196  main.o(i.MX_TIM3_Init)
    i.MX_TIM4_Init                           0x08002a10   Section        0  main.o(i.MX_TIM4_Init)
    MX_TIM4_Init                             0x08002a11   Thumb Code    98  main.o(i.MX_TIM4_Init)
    i.MX_TIM8_Init                           0x08002a7c   Section        0  main.o(i.MX_TIM8_Init)
    MX_TIM8_Init                             0x08002a7d   Thumb Code   100  main.o(i.MX_TIM8_Init)
    i.MemManage_Handler                      0x08002ae8   Section        0  stm32f4xx_it.o(i.MemManage_Handler)
    i.NMI_Handler                            0x08002aea   Section        0  stm32f4xx_it.o(i.NMI_Handler)
    i.PendSV_Handler                         0x08002aec   Section        0  stm32f4xx_it.o(i.PendSV_Handler)
    i.SVC_Handler                            0x08002aee   Section        0  stm32f4xx_it.o(i.SVC_Handler)
    i.SysTick_Handler                        0x08002af0   Section        0  stm32f4xx_it.o(i.SysTick_Handler)
    i.SystemClock_Config                     0x08002af4   Section        0  main.o(i.SystemClock_Config)
    i.SystemInit                             0x08002b88   Section        0  system_stm32f4xx.o(i.SystemInit)
    i.TIM2_IRQHandler                        0x08002b98   Section        0  stm32f4xx_it.o(i.TIM2_IRQHandler)
    i.TIM4_IRQHandler                        0x08002ba4   Section        0  stm32f4xx_it.o(i.TIM4_IRQHandler)
    i.TIM_Base_SetConfig                     0x08002bb0   Section        0  stm32f4xx_hal_tim.o(i.TIM_Base_SetConfig)
    i.TIM_CCxChannelCmd                      0x08002c78   Section        0  stm32f4xx_hal_tim.o(i.TIM_CCxChannelCmd)
    i.TIM_ETR_SetConfig                      0x08002c92   Section        0  stm32f4xx_hal_tim.o(i.TIM_ETR_SetConfig)
    i.TIM_ITRx_SetConfig                     0x08002ca6   Section        0  stm32f4xx_hal_tim.o(i.TIM_ITRx_SetConfig)
    TIM_ITRx_SetConfig                       0x08002ca7   Thumb Code    16  stm32f4xx_hal_tim.o(i.TIM_ITRx_SetConfig)
    i.TIM_OC1_SetConfig                      0x08002cb8   Section        0  stm32f4xx_hal_tim.o(i.TIM_OC1_SetConfig)
    TIM_OC1_SetConfig                        0x08002cb9   Thumb Code    88  stm32f4xx_hal_tim.o(i.TIM_OC1_SetConfig)
    i.TIM_OC2_SetConfig                      0x08002d18   Section        0  stm32f4xx_hal_tim.o(i.TIM_OC2_SetConfig)
    i.TIM_OC3_SetConfig                      0x08002d84   Section        0  stm32f4xx_hal_tim.o(i.TIM_OC3_SetConfig)
    TIM_OC3_SetConfig                        0x08002d85   Thumb Code    96  stm32f4xx_hal_tim.o(i.TIM_OC3_SetConfig)
    i.TIM_OC4_SetConfig                      0x08002dec   Section        0  stm32f4xx_hal_tim.o(i.TIM_OC4_SetConfig)
    TIM_OC4_SetConfig                        0x08002ded   Thumb Code    70  stm32f4xx_hal_tim.o(i.TIM_OC4_SetConfig)
    i.TIM_TI1_ConfigInputStage               0x08002e3c   Section        0  stm32f4xx_hal_tim.o(i.TIM_TI1_ConfigInputStage)
    TIM_TI1_ConfigInputStage                 0x08002e3d   Thumb Code    34  stm32f4xx_hal_tim.o(i.TIM_TI1_ConfigInputStage)
    i.TIM_TI2_ConfigInputStage               0x08002e5e   Section        0  stm32f4xx_hal_tim.o(i.TIM_TI2_ConfigInputStage)
    TIM_TI2_ConfigInputStage                 0x08002e5f   Thumb Code    36  stm32f4xx_hal_tim.o(i.TIM_TI2_ConfigInputStage)
    i.UART_DMAAbortOnError                   0x08002e82   Section        0  stm32f4xx_hal_uart.o(i.UART_DMAAbortOnError)
    UART_DMAAbortOnError                     0x08002e83   Thumb Code    16  stm32f4xx_hal_uart.o(i.UART_DMAAbortOnError)
    i.UART_EndRxTransfer                     0x08002e92   Section        0  stm32f4xx_hal_uart.o(i.UART_EndRxTransfer)
    UART_EndRxTransfer                       0x08002e93   Thumb Code    78  stm32f4xx_hal_uart.o(i.UART_EndRxTransfer)
    i.UART_Receive_IT                        0x08002ee0   Section        0  stm32f4xx_hal_uart.o(i.UART_Receive_IT)
    UART_Receive_IT                          0x08002ee1   Thumb Code   192  stm32f4xx_hal_uart.o(i.UART_Receive_IT)
    i.UART_SetConfig                         0x08002fa0   Section        0  stm32f4xx_hal_uart.o(i.UART_SetConfig)
    UART_SetConfig                           0x08002fa1   Thumb Code   258  stm32f4xx_hal_uart.o(i.UART_SetConfig)
    i.UART_Start_Receive_IT                  0x080030ac   Section        0  stm32f4xx_hal_uart.o(i.UART_Start_Receive_IT)
    i.USART3_IRQHandler                      0x080030e8   Section        0  main.o(i.USART3_IRQHandler)
    i.UsageFault_Handler                     0x08003114   Section        0  stm32f4xx_it.o(i.UsageFault_Handler)
    i.__0printf$8                            0x08003118   Section        0  printf8.o(i.__0printf$8)
    i.__ARM_fpclassify                       0x08003138   Section        0  fpclassify.o(i.__ARM_fpclassify)
    i.__NVIC_SetPriority                     0x08003168   Section        0  stm32f4xx_hal_cortex.o(i.__NVIC_SetPriority)
    __NVIC_SetPriority                       0x08003169   Thumb Code    32  stm32f4xx_hal_cortex.o(i.__NVIC_SetPriority)
    i.__hardfp_asin                          0x08003188   Section        0  asin.o(i.__hardfp_asin)
    i.__hardfp_atan                          0x080034e8   Section        0  atan.o(i.__hardfp_atan)
    i.__hardfp_atan2                         0x080037c0   Section        0  atan2.o(i.__hardfp_atan2)
    i.__kernel_poly                          0x080039b0   Section        0  poly.o(i.__kernel_poly)
    i.__mathlib_dbl_infnan                   0x08003aa8   Section        0  dunder.o(i.__mathlib_dbl_infnan)
    i.__mathlib_dbl_infnan2                  0x08003abc   Section        0  dunder.o(i.__mathlib_dbl_infnan2)
    i.__mathlib_dbl_invalid                  0x08003ad0   Section        0  dunder.o(i.__mathlib_dbl_invalid)
    i.__mathlib_dbl_underflow                0x08003af0   Section        0  dunder.o(i.__mathlib_dbl_underflow)
    i.__scatterload_copy                     0x08003b10   Section       14  handlers.o(i.__scatterload_copy)
    i.__scatterload_null                     0x08003b1e   Section        2  handlers.o(i.__scatterload_null)
    i.__scatterload_zeroinit                 0x08003b20   Section       14  handlers.o(i.__scatterload_zeroinit)
    i.__set_errno                            0x08003b30   Section        0  errno.o(i.__set_errno)
    i._printf_core                           0x08003b3c   Section        0  printf8.o(i._printf_core)
    _printf_core                             0x08003b3d   Thumb Code   996  printf8.o(i._printf_core)
    i._printf_post_padding                   0x08003f4c   Section        0  printf8.o(i._printf_post_padding)
    _printf_post_padding                     0x08003f4d   Thumb Code    36  printf8.o(i._printf_post_padding)
    i._printf_pre_padding                    0x08003f70   Section        0  printf8.o(i._printf_pre_padding)
    _printf_pre_padding                      0x08003f71   Thumb Code    46  printf8.o(i._printf_pre_padding)
    i.accel_self_test                        0x08003fa0   Section        0  inv_mpu.o(i.accel_self_test)
    accel_self_test                          0x08003fa1   Thumb Code   126  inv_mpu.o(i.accel_self_test)
    i.atan                                   0x08004030   Section        0  atan.o(i.atan)
    i.balance                                0x08004040   Section        0  main.o(i.balance)
    i.delay_ms                               0x080040a8   Section        0  myiic.o(i.delay_ms)
    i.delay_us                               0x080040be   Section        0  myiic.o(i.delay_us)
    i.dmp_enable_6x_lp_quat                  0x080040ce   Section        0  inv_mpu_dmp_motion_driver.o(i.dmp_enable_6x_lp_quat)
    i.dmp_enable_feature                     0x08004108   Section        0  inv_mpu_dmp_motion_driver.o(i.dmp_enable_feature)
    i.dmp_enable_gyro_cal                    0x080042e0   Section        0  inv_mpu_dmp_motion_driver.o(i.dmp_enable_gyro_cal)
    i.dmp_enable_lp_quat                     0x0800431c   Section        0  inv_mpu_dmp_motion_driver.o(i.dmp_enable_lp_quat)
    i.dmp_load_motion_driver_firmware        0x08004358   Section        0  inv_mpu_dmp_motion_driver.o(i.dmp_load_motion_driver_firmware)
    i.dmp_read_fifo                          0x0800436c   Section        0  inv_mpu_dmp_motion_driver.o(i.dmp_read_fifo)
    i.dmp_set_accel_bias                     0x080044b4   Section        0  inv_mpu_dmp_motion_driver.o(i.dmp_set_accel_bias)
    i.dmp_set_fifo_rate                      0x0800458c   Section        0  inv_mpu_dmp_motion_driver.o(i.dmp_set_fifo_rate)
    i.dmp_set_gyro_bias                      0x080045f0   Section        0  inv_mpu_dmp_motion_driver.o(i.dmp_set_gyro_bias)
    i.dmp_set_orientation                    0x080046bc   Section        0  inv_mpu_dmp_motion_driver.o(i.dmp_set_orientation)
    i.dmp_set_shake_reject_thresh            0x080047c8   Section        0  inv_mpu_dmp_motion_driver.o(i.dmp_set_shake_reject_thresh)
    i.dmp_set_shake_reject_time              0x080047f8   Section        0  inv_mpu_dmp_motion_driver.o(i.dmp_set_shake_reject_time)
    i.dmp_set_shake_reject_timeout           0x08004818   Section        0  inv_mpu_dmp_motion_driver.o(i.dmp_set_shake_reject_timeout)
    i.dmp_set_tap_axes                       0x08004838   Section        0  inv_mpu_dmp_motion_driver.o(i.dmp_set_tap_axes)
    i.dmp_set_tap_count                      0x08004878   Section        0  inv_mpu_dmp_motion_driver.o(i.dmp_set_tap_count)
    i.dmp_set_tap_thresh                     0x0800489c   Section        0  inv_mpu_dmp_motion_driver.o(i.dmp_set_tap_thresh)
    i.dmp_set_tap_time                       0x080049fc   Section        0  inv_mpu_dmp_motion_driver.o(i.dmp_set_tap_time)
    i.dmp_set_tap_time_multi                 0x08004a1c   Section        0  inv_mpu_dmp_motion_driver.o(i.dmp_set_tap_time_multi)
    i.fabs                                   0x08004a3c   Section        0  fabs.o(i.fabs)
    i.fputc                                  0x08004a54   Section        0  main.o(i.fputc)
    i.get_accel_prod_shift                   0x08004a6c   Section        0  inv_mpu.o(i.get_accel_prod_shift)
    get_accel_prod_shift                     0x08004a6d   Thumb Code   164  inv_mpu.o(i.get_accel_prod_shift)
    i.get_st_biases                          0x08004b20   Section        0  inv_mpu.o(i.get_st_biases)
    get_st_biases                            0x08004b21   Thumb Code   784  inv_mpu.o(i.get_st_biases)
    i.gyro_self_test                         0x08004e34   Section        0  inv_mpu.o(i.gyro_self_test)
    gyro_self_test                           0x08004e35   Thumb Code   190  inv_mpu.o(i.gyro_self_test)
    i.inv_orientation_matrix_to_scalar       0x08004f08   Section        0  inv_mpu.o(i.inv_orientation_matrix_to_scalar)
    i.inv_row_2_scale                        0x08004f2a   Section        0  inv_mpu.o(i.inv_row_2_scale)
    i.main                                   0x08004f74   Section        0  main.o(i.main)
    i.mget_ms                                0x08005070   Section        0  inv_mpu.o(i.mget_ms)
    i.mpu_configure_fifo                     0x08005074   Section        0  inv_mpu.o(i.mpu_configure_fifo)
    i.mpu_dmp_get_data                       0x080050c8   Section        0  inv_mpu.o(i.mpu_dmp_get_data)
    i.mpu_dmp_init                           0x0800522c   Section        0  inv_mpu.o(i.mpu_dmp_init)
    i.mpu_get_accel_fsr                      0x080053d8   Section        0  inv_mpu.o(i.mpu_get_accel_fsr)
    i.mpu_get_accel_sens                     0x08005414   Section        0  inv_mpu.o(i.mpu_get_accel_sens)
    i.mpu_get_gyro_fsr                       0x08005458   Section        0  inv_mpu.o(i.mpu_get_gyro_fsr)
    i.mpu_get_gyro_sens                      0x0800548c   Section        0  inv_mpu.o(i.mpu_get_gyro_sens)
    i.mpu_get_lpf                            0x080054d8   Section        0  inv_mpu.o(i.mpu_get_lpf)
    i.mpu_get_sample_rate                    0x08005510   Section        0  inv_mpu.o(i.mpu_get_sample_rate)
    i.mpu_init                               0x0800552c   Section        0  inv_mpu.o(i.mpu_init)
    i.mpu_load_firmware                      0x080056b4   Section        0  inv_mpu.o(i.mpu_load_firmware)
    i.mpu_lp_accel_mode                      0x08005754   Section        0  inv_mpu.o(i.mpu_lp_accel_mode)
    i.mpu_read_fifo_stream                   0x0800580c   Section        0  inv_mpu.o(i.mpu_read_fifo_stream)
    i.mpu_read_mem                           0x0800589c   Section        0  inv_mpu.o(i.mpu_read_mem)
    i.mpu_reset_fifo                         0x080058f0   Section        0  inv_mpu.o(i.mpu_reset_fifo)
    i.mpu_run_self_test                      0x08005a50   Section        0  inv_mpu.o(i.mpu_run_self_test)
    i.mpu_set_accel_fsr                      0x08005b40   Section        0  inv_mpu.o(i.mpu_set_accel_fsr)
    i.mpu_set_bypass                         0x08005ba8   Section        0  inv_mpu.o(i.mpu_set_bypass)
    i.mpu_set_dmp_state                      0x08005c84   Section        0  inv_mpu.o(i.mpu_set_dmp_state)
    i.mpu_set_gyro_fsr                       0x08005cfc   Section        0  inv_mpu.o(i.mpu_set_gyro_fsr)
    i.mpu_set_int_latched                    0x08005d68   Section        0  inv_mpu.o(i.mpu_set_int_latched)
    i.mpu_set_lpf                            0x08005dcc   Section        0  inv_mpu.o(i.mpu_set_lpf)
    i.mpu_set_sample_rate                    0x08005e38   Section        0  inv_mpu.o(i.mpu_set_sample_rate)
    i.mpu_set_sensors                        0x08005eb8   Section        0  inv_mpu.o(i.mpu_set_sensors)
    i.mpu_write_mem                          0x08005f70   Section        0  inv_mpu.o(i.mpu_write_mem)
    i.run_self_test                          0x08005fc4   Section        0  inv_mpu.o(i.run_self_test)
    i.set_int_enable                         0x0800604c   Section        0  inv_mpu.o(i.set_int_enable)
    set_int_enable                           0x0800604d   Thumb Code    84  inv_mpu.o(i.set_int_enable)
    i.sqrt                                   0x080060a4   Section        0  sqrt.o(i.sqrt)
    i.uart3_init                             0x08006114   Section        0  main.o(i.uart3_init)
    i.velocity                               0x0800614c   Section        0  main.o(i.velocity)
    .constdata                               0x08006234   Section       16  system_stm32f4xx.o(.constdata)
    .constdata                               0x08006244   Section        8  system_stm32f4xx.o(.constdata)
    .constdata                               0x0800624c   Section       27  inv_mpu.o(.constdata)
    .constdata                               0x08006268   Section       12  inv_mpu.o(.constdata)
    .constdata                               0x08006274   Section       40  inv_mpu.o(.constdata)
    .constdata                               0x0800629c   Section     3062  inv_mpu_dmp_motion_driver.o(.constdata)
    dmp_memory                               0x0800629c   Data        3062  inv_mpu_dmp_motion_driver.o(.constdata)
    .constdata                               0x08006e98   Section       80  asin.o(.constdata)
    pS                                       0x08006e98   Data          48  asin.o(.constdata)
    qS                                       0x08006ec8   Data          32  asin.o(.constdata)
    .constdata                               0x08006ee8   Section      152  atan.o(.constdata)
    atanhi                                   0x08006ee8   Data          32  atan.o(.constdata)
    atanlo                                   0x08006f08   Data          32  atan.o(.constdata)
    aTodd                                    0x08006f28   Data          40  atan.o(.constdata)
    aTeven                                   0x08006f50   Data          48  atan.o(.constdata)
    .constdata                               0x08006f80   Section        8  qnan.o(.constdata)
    .conststring                             0x08006f88   Section       77  inv_mpu.o(.conststring)
    .data                                    0x20000000   Section       92  main.o(.data)
    .data                                    0x2000005c   Section       12  stm32f4xx_hal.o(.data)
    .data                                    0x20000068   Section        4  system_stm32f4xx.o(.data)
    .data                                    0x2000006c   Section        1  mpu6050.o(.data)
    .data                                    0x20000070   Section       53  inv_mpu.o(.data)
    st                                       0x20000070   Data          44  inv_mpu.o(.data)
    gyro_orientation                         0x2000009c   Data           9  inv_mpu.o(.data)
    .data                                    0x200000a8   Section        4  stdout.o(.data)
    .data                                    0x200000ac   Section        4  errno.o(.data)
    _errno                                   0x200000ac   Data           4  errno.o(.data)
    .bss                                     0x200000b0   Section      596  main.o(.bss)
    .bss                                     0x20000304   Section       16  inv_mpu_dmp_motion_driver.o(.bss)
    dmp                                      0x20000304   Data          16  inv_mpu_dmp_motion_driver.o(.bss)
    STACK                                    0x20000318   Section     1024  startup_stm32f407xx.o(STACK)

    Global Symbols

    Symbol Name                              Value     Ov Type        Size  Object(Section)

    BuildAttributes$$THM_ISAv4$E$P$D$K$B$S$7EM$VFPi3$EXTD16$VFPS$VFMA$PE$A:L22UL41UL21$X:L11$S22US41US21$IEEE1$IW$USESV6$~STKCKD$USESV7$~SHL$OTIME$ROPI$IEEEX$EBA8$MICROLIB$REQ8$PRES8$EABIv2 0x00000000   Number         0  anon$$obj.o ABSOLUTE
    __ARM_use_no_argv                        0x00000000   Number         0  main.o ABSOLUTE
    _printf_a                                0x00000000   Number         0  stubs.o ABSOLUTE
    _printf_c                                0x00000000   Number         0  stubs.o ABSOLUTE
    _printf_charcount                        0x00000000   Number         0  stubs.o ABSOLUTE
    _printf_d                                0x00000000   Number         0  stubs.o ABSOLUTE
    _printf_e                                0x00000000   Number         0  stubs.o ABSOLUTE
    _printf_f                                0x00000000   Number         0  stubs.o ABSOLUTE
    _printf_flags                            0x00000000   Number         0  stubs.o ABSOLUTE
    _printf_fp_dec                           0x00000000   Number         0  stubs.o ABSOLUTE
    _printf_fp_hex                           0x00000000   Number         0  stubs.o ABSOLUTE
    _printf_g                                0x00000000   Number         0  stubs.o ABSOLUTE
    _printf_i                                0x00000000   Number         0  stubs.o ABSOLUTE
    _printf_int_dec                          0x00000000   Number         0  stubs.o ABSOLUTE
    _printf_l                                0x00000000   Number         0  stubs.o ABSOLUTE
    _printf_lc                               0x00000000   Number         0  stubs.o ABSOLUTE
    _printf_ll                               0x00000000   Number         0  stubs.o ABSOLUTE
    _printf_lld                              0x00000000   Number         0  stubs.o ABSOLUTE
    _printf_lli                              0x00000000   Number         0  stubs.o ABSOLUTE
    _printf_llo                              0x00000000   Number         0  stubs.o ABSOLUTE
    _printf_llu                              0x00000000   Number         0  stubs.o ABSOLUTE
    _printf_llx                              0x00000000   Number         0  stubs.o ABSOLUTE
    _printf_longlong_dec                     0x00000000   Number         0  stubs.o ABSOLUTE
    _printf_longlong_hex                     0x00000000   Number         0  stubs.o ABSOLUTE
    _printf_longlong_oct                     0x00000000   Number         0  stubs.o ABSOLUTE
    _printf_ls                               0x00000000   Number         0  stubs.o ABSOLUTE
    _printf_mbtowc                           0x00000000   Number         0  stubs.o ABSOLUTE
    _printf_n                                0x00000000   Number         0  stubs.o ABSOLUTE
    _printf_o                                0x00000000   Number         0  stubs.o ABSOLUTE
    _printf_p                                0x00000000   Number         0  stubs.o ABSOLUTE
    _printf_percent                          0x00000000   Number         0  stubs.o ABSOLUTE
    _printf_pre_padding                      0x00000000   Number         0  stubs.o ABSOLUTE
    _printf_return_value                     0x00000000   Number         0  stubs.o ABSOLUTE
    _printf_s                                0x00000000   Number         0  stubs.o ABSOLUTE
    _printf_sizespec                         0x00000000   Number         0  stubs.o ABSOLUTE
    _printf_str                              0x00000000   Number         0  stubs.o ABSOLUTE
    _printf_truncate_signed                  0x00000000   Number         0  stubs.o ABSOLUTE
    _printf_truncate_unsigned                0x00000000   Number         0  stubs.o ABSOLUTE
    _printf_u                                0x00000000   Number         0  stubs.o ABSOLUTE
    _printf_wc                               0x00000000   Number         0  stubs.o ABSOLUTE
    _printf_wctomb                           0x00000000   Number         0  stubs.o ABSOLUTE
    _printf_widthprec                        0x00000000   Number         0  stubs.o ABSOLUTE
    _printf_x                                0x00000000   Number         0  stubs.o ABSOLUTE
    __cpp_initialize__aeabi_                  - Undefined Weak Reference
    __cxa_finalize                            - Undefined Weak Reference
    __decompress                              - Undefined Weak Reference
    _clock_init                               - Undefined Weak Reference
    _microlib_exit                            - Undefined Weak Reference
    __Vectors_Size                           0x00000188   Number         0  startup_stm32f407xx.o ABSOLUTE
    __Vectors                                0x08000000   Data           4  startup_stm32f407xx.o(RESET)
    __Vectors_End                            0x08000188   Data           0  startup_stm32f407xx.o(RESET)
    __main                                   0x08000189   Thumb Code     0  entry.o(.ARM.Collect$$$$00000000)
    _main_stk                                0x08000189   Thumb Code     0  entry2.o(.ARM.Collect$$$$00000001)
    _main_scatterload                        0x0800018d   Thumb Code     0  entry5.o(.ARM.Collect$$$$00000004)
    __main_after_scatterload                 0x08000191   Thumb Code     0  entry5.o(.ARM.Collect$$$$00000004)
    _main_clock                              0x08000191   Thumb Code     0  entry7b.o(.ARM.Collect$$$$00000008)
    _main_cpp_init                           0x08000191   Thumb Code     0  entry8b.o(.ARM.Collect$$$$0000000A)
    _main_init                               0x08000191   Thumb Code     0  entry9a.o(.ARM.Collect$$$$0000000B)
    __rt_final_cpp                           0x08000199   Thumb Code     0  entry10a.o(.ARM.Collect$$$$0000000D)
    __rt_final_exit                          0x08000199   Thumb Code     0  entry11a.o(.ARM.Collect$$$$0000000F)
    Reset_Handler                            0x0800019d   Thumb Code     8  startup_stm32f407xx.o(.text)
    ADC_IRQHandler                           0x080001b7   Thumb Code     0  startup_stm32f407xx.o(.text)
    CAN1_RX0_IRQHandler                      0x080001b7   Thumb Code     0  startup_stm32f407xx.o(.text)
    CAN1_RX1_IRQHandler                      0x080001b7   Thumb Code     0  startup_stm32f407xx.o(.text)
    CAN1_SCE_IRQHandler                      0x080001b7   Thumb Code     0  startup_stm32f407xx.o(.text)
    CAN1_TX_IRQHandler                       0x080001b7   Thumb Code     0  startup_stm32f407xx.o(.text)
    CAN2_RX0_IRQHandler                      0x080001b7   Thumb Code     0  startup_stm32f407xx.o(.text)
    CAN2_RX1_IRQHandler                      0x080001b7   Thumb Code     0  startup_stm32f407xx.o(.text)
    CAN2_SCE_IRQHandler                      0x080001b7   Thumb Code     0  startup_stm32f407xx.o(.text)
    CAN2_TX_IRQHandler                       0x080001b7   Thumb Code     0  startup_stm32f407xx.o(.text)
    DCMI_IRQHandler                          0x080001b7   Thumb Code     0  startup_stm32f407xx.o(.text)
    DMA1_Stream0_IRQHandler                  0x080001b7   Thumb Code     0  startup_stm32f407xx.o(.text)
    DMA1_Stream1_IRQHandler                  0x080001b7   Thumb Code     0  startup_stm32f407xx.o(.text)
    DMA1_Stream2_IRQHandler                  0x080001b7   Thumb Code     0  startup_stm32f407xx.o(.text)
    DMA1_Stream3_IRQHandler                  0x080001b7   Thumb Code     0  startup_stm32f407xx.o(.text)
    DMA1_Stream4_IRQHandler                  0x080001b7   Thumb Code     0  startup_stm32f407xx.o(.text)
    DMA1_Stream5_IRQHandler                  0x080001b7   Thumb Code     0  startup_stm32f407xx.o(.text)
    DMA1_Stream6_IRQHandler                  0x080001b7   Thumb Code     0  startup_stm32f407xx.o(.text)
    DMA1_Stream7_IRQHandler                  0x080001b7   Thumb Code     0  startup_stm32f407xx.o(.text)
    DMA2_Stream0_IRQHandler                  0x080001b7   Thumb Code     0  startup_stm32f407xx.o(.text)
    DMA2_Stream1_IRQHandler                  0x080001b7   Thumb Code     0  startup_stm32f407xx.o(.text)
    DMA2_Stream2_IRQHandler                  0x080001b7   Thumb Code     0  startup_stm32f407xx.o(.text)
    DMA2_Stream3_IRQHandler                  0x080001b7   Thumb Code     0  startup_stm32f407xx.o(.text)
    DMA2_Stream4_IRQHandler                  0x080001b7   Thumb Code     0  startup_stm32f407xx.o(.text)
    DMA2_Stream5_IRQHandler                  0x080001b7   Thumb Code     0  startup_stm32f407xx.o(.text)
    DMA2_Stream6_IRQHandler                  0x080001b7   Thumb Code     0  startup_stm32f407xx.o(.text)
    DMA2_Stream7_IRQHandler                  0x080001b7   Thumb Code     0  startup_stm32f407xx.o(.text)
    ETH_IRQHandler                           0x080001b7   Thumb Code     0  startup_stm32f407xx.o(.text)
    ETH_WKUP_IRQHandler                      0x080001b7   Thumb Code     0  startup_stm32f407xx.o(.text)
    EXTI0_IRQHandler                         0x080001b7   Thumb Code     0  startup_stm32f407xx.o(.text)
    EXTI15_10_IRQHandler                     0x080001b7   Thumb Code     0  startup_stm32f407xx.o(.text)
    EXTI1_IRQHandler                         0x080001b7   Thumb Code     0  startup_stm32f407xx.o(.text)
    EXTI2_IRQHandler                         0x080001b7   Thumb Code     0  startup_stm32f407xx.o(.text)
    EXTI3_IRQHandler                         0x080001b7   Thumb Code     0  startup_stm32f407xx.o(.text)
    EXTI4_IRQHandler                         0x080001b7   Thumb Code     0  startup_stm32f407xx.o(.text)
    EXTI9_5_IRQHandler                       0x080001b7   Thumb Code     0  startup_stm32f407xx.o(.text)
    FLASH_IRQHandler                         0x080001b7   Thumb Code     0  startup_stm32f407xx.o(.text)
    FMC_IRQHandler                           0x080001b7   Thumb Code     0  startup_stm32f407xx.o(.text)
    FPU_IRQHandler                           0x080001b7   Thumb Code     0  startup_stm32f407xx.o(.text)
    HASH_RNG_IRQHandler                      0x080001b7   Thumb Code     0  startup_stm32f407xx.o(.text)
    I2C1_ER_IRQHandler                       0x080001b7   Thumb Code     0  startup_stm32f407xx.o(.text)
    I2C1_EV_IRQHandler                       0x080001b7   Thumb Code     0  startup_stm32f407xx.o(.text)
    I2C2_ER_IRQHandler                       0x080001b7   Thumb Code     0  startup_stm32f407xx.o(.text)
    I2C2_EV_IRQHandler                       0x080001b7   Thumb Code     0  startup_stm32f407xx.o(.text)
    I2C3_ER_IRQHandler                       0x080001b7   Thumb Code     0  startup_stm32f407xx.o(.text)
    I2C3_EV_IRQHandler                       0x080001b7   Thumb Code     0  startup_stm32f407xx.o(.text)
    OTG_FS_IRQHandler                        0x080001b7   Thumb Code     0  startup_stm32f407xx.o(.text)
    OTG_FS_WKUP_IRQHandler                   0x080001b7   Thumb Code     0  startup_stm32f407xx.o(.text)
    OTG_HS_EP1_IN_IRQHandler                 0x080001b7   Thumb Code     0  startup_stm32f407xx.o(.text)
    OTG_HS_EP1_OUT_IRQHandler                0x080001b7   Thumb Code     0  startup_stm32f407xx.o(.text)
    OTG_HS_IRQHandler                        0x080001b7   Thumb Code     0  startup_stm32f407xx.o(.text)
    OTG_HS_WKUP_IRQHandler                   0x080001b7   Thumb Code     0  startup_stm32f407xx.o(.text)
    PVD_IRQHandler                           0x080001b7   Thumb Code     0  startup_stm32f407xx.o(.text)
    RCC_IRQHandler                           0x080001b7   Thumb Code     0  startup_stm32f407xx.o(.text)
    RTC_Alarm_IRQHandler                     0x080001b7   Thumb Code     0  startup_stm32f407xx.o(.text)
    RTC_WKUP_IRQHandler                      0x080001b7   Thumb Code     0  startup_stm32f407xx.o(.text)
    SDIO_IRQHandler                          0x080001b7   Thumb Code     0  startup_stm32f407xx.o(.text)
    SPI1_IRQHandler                          0x080001b7   Thumb Code     0  startup_stm32f407xx.o(.text)
    SPI2_IRQHandler                          0x080001b7   Thumb Code     0  startup_stm32f407xx.o(.text)
    SPI3_IRQHandler                          0x080001b7   Thumb Code     0  startup_stm32f407xx.o(.text)
    TAMP_STAMP_IRQHandler                    0x080001b7   Thumb Code     0  startup_stm32f407xx.o(.text)
    TIM1_BRK_TIM9_IRQHandler                 0x080001b7   Thumb Code     0  startup_stm32f407xx.o(.text)
    TIM1_CC_IRQHandler                       0x080001b7   Thumb Code     0  startup_stm32f407xx.o(.text)
    TIM1_TRG_COM_TIM11_IRQHandler            0x080001b7   Thumb Code     0  startup_stm32f407xx.o(.text)
    TIM1_UP_TIM10_IRQHandler                 0x080001b7   Thumb Code     0  startup_stm32f407xx.o(.text)
    TIM3_IRQHandler                          0x080001b7   Thumb Code     0  startup_stm32f407xx.o(.text)
    TIM5_IRQHandler                          0x080001b7   Thumb Code     0  startup_stm32f407xx.o(.text)
    TIM6_DAC_IRQHandler                      0x080001b7   Thumb Code     0  startup_stm32f407xx.o(.text)
    TIM7_IRQHandler                          0x080001b7   Thumb Code     0  startup_stm32f407xx.o(.text)
    TIM8_BRK_TIM12_IRQHandler                0x080001b7   Thumb Code     0  startup_stm32f407xx.o(.text)
    TIM8_CC_IRQHandler                       0x080001b7   Thumb Code     0  startup_stm32f407xx.o(.text)
    TIM8_TRG_COM_TIM14_IRQHandler            0x080001b7   Thumb Code     0  startup_stm32f407xx.o(.text)
    TIM8_UP_TIM13_IRQHandler                 0x080001b7   Thumb Code     0  startup_stm32f407xx.o(.text)
    UART4_IRQHandler                         0x080001b7   Thumb Code     0  startup_stm32f407xx.o(.text)
    UART5_IRQHandler                         0x080001b7   Thumb Code     0  startup_stm32f407xx.o(.text)
    USART1_IRQHandler                        0x080001b7   Thumb Code     0  startup_stm32f407xx.o(.text)
    USART2_IRQHandler                        0x080001b7   Thumb Code     0  startup_stm32f407xx.o(.text)
    USART6_IRQHandler                        0x080001b7   Thumb Code     0  startup_stm32f407xx.o(.text)
    WWDG_IRQHandler                          0x080001b7   Thumb Code     0  startup_stm32f407xx.o(.text)
    __aeabi_uldivmod                         0x080001c1   Thumb Code    98  uldiv.o(.text)
    __aeabi_ldivmod                          0x08000223   Thumb Code    98  ldiv.o(.text)
    __aeabi_memset                           0x08000285   Thumb Code    14  memseta.o(.text)
    __aeabi_memset4                          0x08000285   Thumb Code     0  memseta.o(.text)
    __aeabi_memset8                          0x08000285   Thumb Code     0  memseta.o(.text)
    __aeabi_memclr                           0x08000293   Thumb Code     4  memseta.o(.text)
    __aeabi_memclr4                          0x08000293   Thumb Code     0  memseta.o(.text)
    __aeabi_memclr8                          0x08000293   Thumb Code     0  memseta.o(.text)
    _memset$wrapper                          0x08000297   Thumb Code    18  memseta.o(.text)
    strcmp                                   0x080002a9   Thumb Code    28  strcmp.o(.text)
    memcmp                                   0x080002c5   Thumb Code    26  memcmp.o(.text)
    __aeabi_dadd                             0x080002df   Thumb Code   322  dadd.o(.text)
    __aeabi_dsub                             0x08000421   Thumb Code     6  dadd.o(.text)
    __aeabi_drsub                            0x08000427   Thumb Code     6  dadd.o(.text)
    __aeabi_dmul                             0x0800042d   Thumb Code   228  dmul.o(.text)
    __aeabi_ddiv                             0x08000511   Thumb Code   222  ddiv.o(.text)
    __aeabi_i2d                              0x080005ef   Thumb Code    34  dflti.o(.text)
    __aeabi_f2d                              0x08000611   Thumb Code    38  f2d.o(.text)
    __aeabi_d2f                              0x08000637   Thumb Code    56  d2f.o(.text)
    __aeabi_llsl                             0x0800066f   Thumb Code    30  llshl.o(.text)
    _ll_shift_l                              0x0800066f   Thumb Code     0  llshl.o(.text)
    __aeabi_llsr                             0x0800068d   Thumb Code    32  llushr.o(.text)
    _ll_ushift_r                             0x0800068d   Thumb Code     0  llushr.o(.text)
    __aeabi_lasr                             0x080006ad   Thumb Code    36  llsshr.o(.text)
    _ll_sshift_r                             0x080006ad   Thumb Code     0  llsshr.o(.text)
    __I$use$fp                               0x080006d1   Thumb Code     0  iusefp.o(.text)
    _float_round                             0x080006d1   Thumb Code    18  fepilogue.o(.text)
    _float_epilogue                          0x080006e3   Thumb Code    92  fepilogue.o(.text)
    _double_round                            0x0800073f   Thumb Code    30  depilogue.o(.text)
    _double_epilogue                         0x0800075d   Thumb Code   156  depilogue.o(.text)
    __scatterload                            0x080007f9   Thumb Code    28  init.o(.text)
    __scatterload_rt2                        0x080007f9   Thumb Code     0  init.o(.text)
    _dsqrt                                   0x0800081d   Thumb Code   162  dsqrt.o(.text)
    BusFault_Handler                         0x080008bf   Thumb Code     2  stm32f4xx_it.o(i.BusFault_Handler)
    DebugMon_Handler                         0x080008c1   Thumb Code     2  stm32f4xx_it.o(i.DebugMon_Handler)
    HAL_DMA_Abort                            0x080008c3   Thumb Code   146  stm32f4xx_hal_dma.o(i.HAL_DMA_Abort)
    HAL_DMA_Abort_IT                         0x08000955   Thumb Code    36  stm32f4xx_hal_dma.o(i.HAL_DMA_Abort_IT)
    HAL_Delay                                0x08000979   Thumb Code    32  stm32f4xx_hal.o(i.HAL_Delay)
    HAL_GPIO_Init                            0x0800099d   Thumb Code   450  stm32f4xx_hal_gpio.o(i.HAL_GPIO_Init)
    HAL_GPIO_ReadPin                         0x08000b8d   Thumb Code    10  stm32f4xx_hal_gpio.o(i.HAL_GPIO_ReadPin)
    HAL_GPIO_TogglePin                       0x08000b97   Thumb Code    16  stm32f4xx_hal_gpio.o(i.HAL_GPIO_TogglePin)
    HAL_GPIO_WritePin                        0x08000ba7   Thumb Code    10  stm32f4xx_hal_gpio.o(i.HAL_GPIO_WritePin)
    HAL_GetTick                              0x08000bb1   Thumb Code     6  stm32f4xx_hal.o(i.HAL_GetTick)
    HAL_IncTick                              0x08000bbd   Thumb Code    12  stm32f4xx_hal.o(i.HAL_IncTick)
    HAL_Init                                 0x08000bcd   Thumb Code    48  stm32f4xx_hal.o(i.HAL_Init)
    HAL_InitTick                             0x08000c01   Thumb Code    54  stm32f4xx_hal.o(i.HAL_InitTick)
    HAL_MspInit                              0x08000c41   Thumb Code    42  stm32f4xx_hal_msp.o(i.HAL_MspInit)
    HAL_NVIC_EnableIRQ                       0x08000c71   Thumb Code    26  stm32f4xx_hal_cortex.o(i.HAL_NVIC_EnableIRQ)
    HAL_NVIC_SetPriority                     0x08000c8d   Thumb Code    60  stm32f4xx_hal_cortex.o(i.HAL_NVIC_SetPriority)
    HAL_NVIC_SetPriorityGrouping             0x08000ccd   Thumb Code    26  stm32f4xx_hal_cortex.o(i.HAL_NVIC_SetPriorityGrouping)
    HAL_RCC_ClockConfig                      0x08000cf1   Thumb Code   288  stm32f4xx_hal_rcc.o(i.HAL_RCC_ClockConfig)
    HAL_RCC_GetPCLK1Freq                     0x08000e25   Thumb Code    20  stm32f4xx_hal_rcc.o(i.HAL_RCC_GetPCLK1Freq)
    HAL_RCC_GetPCLK2Freq                     0x08000e45   Thumb Code    20  stm32f4xx_hal_rcc.o(i.HAL_RCC_GetPCLK2Freq)
    HAL_RCC_GetSysClockFreq                  0x08000e65   Thumb Code    88  stm32f4xx_hal_rcc.o(i.HAL_RCC_GetSysClockFreq)
    HAL_RCC_OscConfig                        0x08000ec5   Thumb Code   856  stm32f4xx_hal_rcc.o(i.HAL_RCC_OscConfig)
    HAL_SYSTICK_Config                       0x08001231   Thumb Code    40  stm32f4xx_hal_cortex.o(i.HAL_SYSTICK_Config)
    HAL_TIMEx_BreakCallback                  0x08001259   Thumb Code     2  stm32f4xx_hal_tim_ex.o(i.HAL_TIMEx_BreakCallback)
    HAL_TIMEx_CommutCallback                 0x0800125b   Thumb Code     2  stm32f4xx_hal_tim_ex.o(i.HAL_TIMEx_CommutCallback)
    HAL_TIMEx_ConfigBreakDeadTime            0x0800125d   Thumb Code    84  stm32f4xx_hal_tim_ex.o(i.HAL_TIMEx_ConfigBreakDeadTime)
    HAL_TIMEx_MasterConfigSynchronization    0x080012b1   Thumb Code   116  stm32f4xx_hal_tim_ex.o(i.HAL_TIMEx_MasterConfigSynchronization)
    HAL_TIM_Base_Init                        0x08001341   Thumb Code    90  stm32f4xx_hal_tim.o(i.HAL_TIM_Base_Init)
    HAL_TIM_Base_MspInit                     0x0800139d   Thumb Code    98  stm32f4xx_hal_msp.o(i.HAL_TIM_Base_MspInit)
    HAL_TIM_Base_Start_IT                    0x0800140d   Thumb Code   100  stm32f4xx_hal_tim.o(i.HAL_TIM_Base_Start_IT)
    HAL_TIM_ConfigClockSource                0x0800148d   Thumb Code   220  stm32f4xx_hal_tim.o(i.HAL_TIM_ConfigClockSource)
    HAL_TIM_Encoder_Init                     0x08001569   Thumb Code   164  stm32f4xx_hal_tim.o(i.HAL_TIM_Encoder_Init)
    HAL_TIM_Encoder_MspInit                  0x0800160d   Thumb Code   172  stm32f4xx_hal_msp.o(i.HAL_TIM_Encoder_MspInit)
    HAL_TIM_Encoder_Start                    0x080016cd   Thumb Code   142  stm32f4xx_hal_tim.o(i.HAL_TIM_Encoder_Start)
    HAL_TIM_IC_CaptureCallback               0x0800175b   Thumb Code     2  stm32f4xx_hal_tim.o(i.HAL_TIM_IC_CaptureCallback)
    HAL_TIM_IRQHandler                       0x0800175d   Thumb Code   358  stm32f4xx_hal_tim.o(i.HAL_TIM_IRQHandler)
    HAL_TIM_MspPostInit                      0x080018c5   Thumb Code   148  stm32f4xx_hal_msp.o(i.HAL_TIM_MspPostInit)
    HAL_TIM_OC_DelayElapsedCallback          0x08001971   Thumb Code     2  stm32f4xx_hal_tim.o(i.HAL_TIM_OC_DelayElapsedCallback)
    HAL_TIM_PWM_ConfigChannel                0x08001973   Thumb Code   204  stm32f4xx_hal_tim.o(i.HAL_TIM_PWM_ConfigChannel)
    HAL_TIM_PWM_Init                         0x08001a3f   Thumb Code    90  stm32f4xx_hal_tim.o(i.HAL_TIM_PWM_Init)
    HAL_TIM_PWM_MspInit                      0x08001a99   Thumb Code     2  stm32f4xx_hal_tim.o(i.HAL_TIM_PWM_MspInit)
    HAL_TIM_PWM_PulseFinishedCallback        0x08001a9b   Thumb Code     2  stm32f4xx_hal_tim.o(i.HAL_TIM_PWM_PulseFinishedCallback)
    HAL_TIM_PWM_Start                        0x08001a9d   Thumb Code   172  stm32f4xx_hal_tim.o(i.HAL_TIM_PWM_Start)
    HAL_TIM_PeriodElapsedCallback            0x08001b65   Thumb Code   266  main.o(i.HAL_TIM_PeriodElapsedCallback)
    HAL_TIM_TriggerCallback                  0x08001c81   Thumb Code     2  stm32f4xx_hal_tim.o(i.HAL_TIM_TriggerCallback)
    HAL_UARTEx_RxEventCallback               0x08001c83   Thumb Code     2  stm32f4xx_hal_uart.o(i.HAL_UARTEx_RxEventCallback)
    HAL_UART_ErrorCallback                   0x08001c85   Thumb Code     2  stm32f4xx_hal_uart.o(i.HAL_UART_ErrorCallback)
    HAL_UART_GetState                        0x08001c87   Thumb Code    10  stm32f4xx_hal_uart.o(i.HAL_UART_GetState)
    HAL_UART_IRQHandler                      0x08001c91   Thumb Code   610  stm32f4xx_hal_uart.o(i.HAL_UART_IRQHandler)
    HAL_UART_Init                            0x08001ef9   Thumb Code    98  stm32f4xx_hal_uart.o(i.HAL_UART_Init)
    HAL_UART_MspInit                         0x08001f5d   Thumb Code   112  stm32f4xx_hal_msp.o(i.HAL_UART_MspInit)
    HAL_UART_Receive_IT                      0x08001fd9   Thumb Code    42  stm32f4xx_hal_uart.o(i.HAL_UART_Receive_IT)
    HAL_UART_RxCpltCallback                  0x08002005   Thumb Code   156  main.o(i.HAL_UART_RxCpltCallback)
    HAL_UART_TxCpltCallback                  0x080020d5   Thumb Code     2  stm32f4xx_hal_uart.o(i.HAL_UART_TxCpltCallback)
    HardFault_Handler                        0x080020d7   Thumb Code     2  stm32f4xx_it.o(i.HardFault_Handler)
    IIC_Ack                                  0x080020d9   Thumb Code    76  myiic.o(i.IIC_Ack)
    IIC_Init                                 0x08002129   Thumb Code    68  myiic.o(i.IIC_Init)
    IIC_NAck                                 0x08002175   Thumb Code    76  myiic.o(i.IIC_NAck)
    IIC_Read_Byte                            0x080021c5   Thumb Code   100  myiic.o(i.IIC_Read_Byte)
    IIC_Send_Byte                            0x0800222d   Thumb Code   104  myiic.o(i.IIC_Send_Byte)
    IIC_Start                                0x08002299   Thumb Code    76  myiic.o(i.IIC_Start)
    IIC_Stop                                 0x080022e9   Thumb Code    76  myiic.o(i.IIC_Stop)
    IIC_Wait_Ack                             0x08002339   Thumb Code    94  myiic.o(i.IIC_Wait_Ack)
    KEY_Init                                 0x0800239d   Thumb Code    52  main.o(i.KEY_Init)
    LED_Init                                 0x080023d9   Thumb Code    82  main.o(i.LED_Init)
    MPU_Get_Accelerometer                    0x08002435   Thumb Code    50  mpu6050.o(i.MPU_Get_Accelerometer)
    MPU_Get_Gyroscope                        0x08002467   Thumb Code    50  mpu6050.o(i.MPU_Get_Gyroscope)
    MPU_Get_Temperature                      0x08002499   Thumb Code    78  mpu6050.o(i.MPU_Get_Temperature)
    MPU_Init                                 0x080024fd   Thumb Code   132  mpu6050.o(i.MPU_Init)
    MPU_Read_Byte                            0x0800258d   Thumb Code    58  mpu6050.o(i.MPU_Read_Byte)
    MPU_Read_Len                             0x080025c9   Thumb Code   108  mpu6050.o(i.MPU_Read_Len)
    MPU_Set_Accel_Fsr                        0x08002635   Thumb Code    10  mpu6050.o(i.MPU_Set_Accel_Fsr)
    MPU_Set_Gyro_Fsr                         0x0800263f   Thumb Code    10  mpu6050.o(i.MPU_Set_Gyro_Fsr)
    MPU_Set_LPF                              0x08002649   Thumb Code    48  mpu6050.o(i.MPU_Set_LPF)
    MPU_Set_Rate                             0x08002679   Thumb Code    46  mpu6050.o(i.MPU_Set_Rate)
    MPU_Write_Byte                           0x080026a7   Thumb Code    60  mpu6050.o(i.MPU_Write_Byte)
    MPU_Write_Len                            0x080026e3   Thumb Code    82  mpu6050.o(i.MPU_Write_Len)
    MemManage_Handler                        0x08002ae9   Thumb Code     2  stm32f4xx_it.o(i.MemManage_Handler)
    NMI_Handler                              0x08002aeb   Thumb Code     2  stm32f4xx_it.o(i.NMI_Handler)
    PendSV_Handler                           0x08002aed   Thumb Code     2  stm32f4xx_it.o(i.PendSV_Handler)
    SVC_Handler                              0x08002aef   Thumb Code     2  stm32f4xx_it.o(i.SVC_Handler)
    SysTick_Handler                          0x08002af1   Thumb Code     4  stm32f4xx_it.o(i.SysTick_Handler)
    SystemClock_Config                       0x08002af5   Thumb Code   138  main.o(i.SystemClock_Config)
    SystemInit                               0x08002b89   Thumb Code    12  system_stm32f4xx.o(i.SystemInit)
    TIM2_IRQHandler                          0x08002b99   Thumb Code     6  stm32f4xx_it.o(i.TIM2_IRQHandler)
    TIM4_IRQHandler                          0x08002ba5   Thumb Code     6  stm32f4xx_it.o(i.TIM4_IRQHandler)
    TIM_Base_SetConfig                       0x08002bb1   Thumb Code   156  stm32f4xx_hal_tim.o(i.TIM_Base_SetConfig)
    TIM_CCxChannelCmd                        0x08002c79   Thumb Code    26  stm32f4xx_hal_tim.o(i.TIM_CCxChannelCmd)
    TIM_ETR_SetConfig                        0x08002c93   Thumb Code    20  stm32f4xx_hal_tim.o(i.TIM_ETR_SetConfig)
    TIM_OC2_SetConfig                        0x08002d19   Thumb Code    98  stm32f4xx_hal_tim.o(i.TIM_OC2_SetConfig)
    UART_Start_Receive_IT                    0x080030ad   Thumb Code    58  stm32f4xx_hal_uart.o(i.UART_Start_Receive_IT)
    USART3_IRQHandler                        0x080030e9   Thumb Code    34  main.o(i.USART3_IRQHandler)
    UsageFault_Handler                       0x08003115   Thumb Code     2  stm32f4xx_it.o(i.UsageFault_Handler)
    __0printf$8                              0x08003119   Thumb Code    22  printf8.o(i.__0printf$8)
    __1printf$8                              0x08003119   Thumb Code     0  printf8.o(i.__0printf$8)
    __2printf                                0x08003119   Thumb Code     0  printf8.o(i.__0printf$8)
    __ARM_fpclassify                         0x08003139   Thumb Code    48  fpclassify.o(i.__ARM_fpclassify)
    __hardfp_asin                            0x08003189   Thumb Code   770  asin.o(i.__hardfp_asin)
    __hardfp_atan                            0x080034e9   Thumb Code   622  atan.o(i.__hardfp_atan)
    __hardfp_atan2                           0x080037c1   Thumb Code   432  atan2.o(i.__hardfp_atan2)
    __kernel_poly                            0x080039b1   Thumb Code   248  poly.o(i.__kernel_poly)
    __mathlib_dbl_infnan                     0x08003aa9   Thumb Code    20  dunder.o(i.__mathlib_dbl_infnan)
    __mathlib_dbl_infnan2                    0x08003abd   Thumb Code    20  dunder.o(i.__mathlib_dbl_infnan2)
    __mathlib_dbl_invalid                    0x08003ad1   Thumb Code    24  dunder.o(i.__mathlib_dbl_invalid)
    __mathlib_dbl_underflow                  0x08003af1   Thumb Code    24  dunder.o(i.__mathlib_dbl_underflow)
    __scatterload_copy                       0x08003b11   Thumb Code    14  handlers.o(i.__scatterload_copy)
    __scatterload_null                       0x08003b1f   Thumb Code     2  handlers.o(i.__scatterload_null)
    __scatterload_zeroinit                   0x08003b21   Thumb Code    14  handlers.o(i.__scatterload_zeroinit)
    __set_errno                              0x08003b31   Thumb Code     6  errno.o(i.__set_errno)
    atan                                     0x08004031   Thumb Code    16  atan.o(i.atan)
    balance                                  0x08004041   Thumb Code    88  main.o(i.balance)
    delay_ms                                 0x080040a9   Thumb Code    22  myiic.o(i.delay_ms)
    delay_us                                 0x080040bf   Thumb Code    16  myiic.o(i.delay_us)
    dmp_enable_6x_lp_quat                    0x080040cf   Thumb Code    58  inv_mpu_dmp_motion_driver.o(i.dmp_enable_6x_lp_quat)
    dmp_enable_feature                       0x08004109   Thumb Code   464  inv_mpu_dmp_motion_driver.o(i.dmp_enable_feature)
    dmp_enable_gyro_cal                      0x080042e1   Thumb Code    34  inv_mpu_dmp_motion_driver.o(i.dmp_enable_gyro_cal)
    dmp_enable_lp_quat                       0x0800431d   Thumb Code    58  inv_mpu_dmp_motion_driver.o(i.dmp_enable_lp_quat)
    dmp_load_motion_driver_firmware          0x08004359   Thumb Code    16  inv_mpu_dmp_motion_driver.o(i.dmp_load_motion_driver_firmware)
    dmp_read_fifo                            0x0800436d   Thumb Code   324  inv_mpu_dmp_motion_driver.o(i.dmp_read_fifo)
    dmp_set_accel_bias                       0x080044b5   Thumb Code   210  inv_mpu_dmp_motion_driver.o(i.dmp_set_accel_bias)
    dmp_set_fifo_rate                        0x0800458d   Thumb Code    82  inv_mpu_dmp_motion_driver.o(i.dmp_set_fifo_rate)
    dmp_set_gyro_bias                        0x080045f1   Thumb Code   196  inv_mpu_dmp_motion_driver.o(i.dmp_set_gyro_bias)
    dmp_set_orientation                      0x080046bd   Thumb Code   246  inv_mpu_dmp_motion_driver.o(i.dmp_set_orientation)
    dmp_set_shake_reject_thresh              0x080047c9   Thumb Code    48  inv_mpu_dmp_motion_driver.o(i.dmp_set_shake_reject_thresh)
    dmp_set_shake_reject_time                0x080047f9   Thumb Code    32  inv_mpu_dmp_motion_driver.o(i.dmp_set_shake_reject_time)
    dmp_set_shake_reject_timeout             0x08004819   Thumb Code    32  inv_mpu_dmp_motion_driver.o(i.dmp_set_shake_reject_timeout)
    dmp_set_tap_axes                         0x08004839   Thumb Code    64  inv_mpu_dmp_motion_driver.o(i.dmp_set_tap_axes)
    dmp_set_tap_count                        0x08004879   Thumb Code    34  inv_mpu_dmp_motion_driver.o(i.dmp_set_tap_count)
    dmp_set_tap_thresh                       0x0800489d   Thumb Code   314  inv_mpu_dmp_motion_driver.o(i.dmp_set_tap_thresh)
    dmp_set_tap_time                         0x080049fd   Thumb Code    32  inv_mpu_dmp_motion_driver.o(i.dmp_set_tap_time)
    dmp_set_tap_time_multi                   0x08004a1d   Thumb Code    32  inv_mpu_dmp_motion_driver.o(i.dmp_set_tap_time_multi)
    fabs                                     0x08004a3d   Thumb Code    24  fabs.o(i.fabs)
    fputc                                    0x08004a55   Thumb Code    18  main.o(i.fputc)
    inv_orientation_matrix_to_scalar         0x08004f09   Thumb Code    34  inv_mpu.o(i.inv_orientation_matrix_to_scalar)
    inv_row_2_scale                          0x08004f2b   Thumb Code    72  inv_mpu.o(i.inv_row_2_scale)
    main                                     0x08004f75   Thumb Code   232  main.o(i.main)
    mget_ms                                  0x08005071   Thumb Code     2  inv_mpu.o(i.mget_ms)
    mpu_configure_fifo                       0x08005075   Thumb Code    78  inv_mpu.o(i.mpu_configure_fifo)
    mpu_dmp_get_data                         0x080050c9   Thumb Code   344  inv_mpu.o(i.mpu_dmp_get_data)
    mpu_dmp_init                             0x0800522d   Thumb Code   222  inv_mpu.o(i.mpu_dmp_init)
    mpu_get_accel_fsr                        0x080053d9   Thumb Code    54  inv_mpu.o(i.mpu_get_accel_fsr)
    mpu_get_accel_sens                       0x08005415   Thumb Code    62  inv_mpu.o(i.mpu_get_accel_sens)
    mpu_get_gyro_fsr                         0x08005459   Thumb Code    48  inv_mpu.o(i.mpu_get_gyro_fsr)
    mpu_get_gyro_sens                        0x0800548d   Thumb Code    54  inv_mpu.o(i.mpu_get_gyro_sens)
    mpu_get_lpf                              0x080054d9   Thumb Code    52  inv_mpu.o(i.mpu_get_lpf)
    mpu_get_sample_rate                      0x08005511   Thumb Code    22  inv_mpu.o(i.mpu_get_sample_rate)
    mpu_init                                 0x0800552d   Thumb Code   310  inv_mpu.o(i.mpu_init)
    mpu_load_firmware                        0x080056b5   Thumb Code   154  inv_mpu.o(i.mpu_load_firmware)
    mpu_lp_accel_mode                        0x08005755   Thumb Code   178  inv_mpu.o(i.mpu_lp_accel_mode)
    mpu_read_fifo_stream                     0x0800580d   Thumb Code   140  inv_mpu.o(i.mpu_read_fifo_stream)
    mpu_read_mem                             0x0800589d   Thumb Code    80  inv_mpu.o(i.mpu_read_mem)
    mpu_reset_fifo                           0x080058f1   Thumb Code   346  inv_mpu.o(i.mpu_reset_fifo)
    mpu_run_self_test                        0x08005a51   Thumb Code   234  inv_mpu.o(i.mpu_run_self_test)
    mpu_set_accel_fsr                        0x08005b41   Thumb Code    98  inv_mpu.o(i.mpu_set_accel_fsr)
    mpu_set_bypass                           0x08005ba9   Thumb Code   214  inv_mpu.o(i.mpu_set_bypass)
    mpu_set_dmp_state                        0x08005c85   Thumb Code   114  inv_mpu.o(i.mpu_set_dmp_state)
    mpu_set_gyro_fsr                         0x08005cfd   Thumb Code   104  inv_mpu.o(i.mpu_set_gyro_fsr)
    mpu_set_int_latched                      0x08005d69   Thumb Code    94  inv_mpu.o(i.mpu_set_int_latched)
    mpu_set_lpf                              0x08005dcd   Thumb Code   102  inv_mpu.o(i.mpu_set_lpf)
    mpu_set_sample_rate                      0x08005e39   Thumb Code   124  inv_mpu.o(i.mpu_set_sample_rate)
    mpu_set_sensors                          0x08005eb9   Thumb Code   178  inv_mpu.o(i.mpu_set_sensors)
    mpu_write_mem                            0x08005f71   Thumb Code    80  inv_mpu.o(i.mpu_write_mem)
    run_self_test                            0x08005fc5   Thumb Code   136  inv_mpu.o(i.run_self_test)
    sqrt                                     0x080060a5   Thumb Code   110  sqrt.o(i.sqrt)
    uart3_init                               0x08006115   Thumb Code    44  main.o(i.uart3_init)
    velocity                                 0x0800614d   Thumb Code   190  main.o(i.velocity)
    AHBPrescTable                            0x08006234   Data          16  system_stm32f4xx.o(.constdata)
    APBPrescTable                            0x08006244   Data           8  system_stm32f4xx.o(.constdata)
    reg                                      0x0800624c   Data          27  inv_mpu.o(.constdata)
    hw                                       0x08006268   Data          12  inv_mpu.o(.constdata)
    test                                     0x08006274   Data          40  inv_mpu.o(.constdata)
    __mathlib_zero                           0x08006f80   Data           8  qnan.o(.constdata)
    Region$$Table$$Base                      0x08006fd8   Number         0  anon$$obj.o(Region$$Table)
    Region$$Table$$Limit                     0x08006ff8   Number         0  anon$$obj.o(Region$$Table)
    uart_byte_count                          0x20000000   Data           1  main.o(.data)
    i                                        0x20000001   Data           1  main.o(.data)
    keydown_data                             0x20000002   Data           1  main.o(.data)
    keyup_data                               0x20000003   Data           1  main.o(.data)
    key_tem                                  0x20000004   Data           1  main.o(.data)
    key_bak                                  0x20000005   Data           1  main.o(.data)
    aRxBuffer                                0x20000006   Data           1  main.o(.data)
    key_time                                 0x20000008   Data           2  main.o(.data)
    aacx                                     0x2000000a   Data           2  main.o(.data)
    aacy                                     0x2000000c   Data           2  main.o(.data)
    aacz                                     0x2000000e   Data           2  main.o(.data)
    gyrox                                    0x20000010   Data           2  main.o(.data)
    gyroy                                    0x20000012   Data           2  main.o(.data)
    gyroz                                    0x20000014   Data           2  main.o(.data)
    temp                                     0x20000016   Data           2  main.o(.data)
    TIM2_Count                               0x20000018   Data           4  main.o(.data)
    Encoder_left                             0x2000001c   Data           4  main.o(.data)
    Encoder_right                            0x20000020   Data           4  main.o(.data)
    Velocity                                 0x20000024   Data           4  main.o(.data)
    Encoder_Last                             0x20000028   Data           4  main.o(.data)
    Encoder                                  0x2000002c   Data           4  main.o(.data)
    Movement                                 0x20000030   Data           4  main.o(.data)
    Encoder_Integral                         0x20000034   Data           4  main.o(.data)
    target_speed                             0x20000038   Data           4  main.o(.data)
    delt                                     0x2000003c   Data           4  main.o(.data)
    pitch                                    0x20000040   Data           4  main.o(.data)
    roll                                     0x20000044   Data           4  main.o(.data)
    yaw                                      0x20000048   Data           4  main.o(.data)
    pwm_balance                              0x2000004c   Data           4  main.o(.data)
    v                                        0x20000050   Data           4  main.o(.data)
    Speed                                    0x20000054   Data           4  main.o(.data)
    bias                                     0x20000058   Data           4  main.o(.data)
    uwTickFreq                               0x2000005c   Data           1  stm32f4xx_hal.o(.data)
    uwTickPrio                               0x20000060   Data           4  stm32f4xx_hal.o(.data)
    uwTick                                   0x20000064   Data           4  stm32f4xx_hal.o(.data)
    SystemCoreClock                          0x20000068   Data           4  system_stm32f4xx.o(.data)
    res2                                     0x2000006c   Data           1  mpu6050.o(.data)
    __stdout                                 0x200000a8   Data           4  stdout.o(.data)
    receive_str                              0x200000b0   Data         100  main.o(.bss)
    UART3_Handler                            0x20000114   Data          68  main.o(.bss)
    htim1                                    0x20000158   Data          72  main.o(.bss)
    htim2                                    0x200001a0   Data          72  main.o(.bss)
    htim3                                    0x200001e8   Data          72  main.o(.bss)
    htim4                                    0x20000230   Data          72  main.o(.bss)
    htim8                                    0x20000278   Data          72  main.o(.bss)
    huart1                                   0x200002c0   Data          68  main.o(.bss)
    __initial_sp                             0x20000718   Data           0  startup_stm32f407xx.o(STACK)



==============================================================================

Memory Map of the image

  Image Entry point : 0x08000189

  Load Region LR_IROM1 (Base: 0x08000000, Size: 0x000070a8, Max: 0x00100000, ABSOLUTE)

    Execution Region ER_IROM1 (Exec base: 0x08000000, Load base: 0x08000000, Size: 0x00006ff8, Max: 0x00100000, ABSOLUTE)

    Exec Addr    Load Addr    Size         Type   Attr      Idx    E Section Name        Object

    0x08000000   0x08000000   0x00000188   Data   RO            3    RESET               startup_stm32f407xx.o
    0x08000188   0x08000188   0x00000000   Code   RO         3859  * .ARM.Collect$$$$00000000  mc_w.l(entry.o)
    0x08000188   0x08000188   0x00000004   Code   RO         4196    .ARM.Collect$$$$00000001  mc_w.l(entry2.o)
    0x0800018c   0x0800018c   0x00000004   Code   RO         4199    .ARM.Collect$$$$00000004  mc_w.l(entry5.o)
    0x08000190   0x08000190   0x00000000   Code   RO         4201    .ARM.Collect$$$$00000008  mc_w.l(entry7b.o)
    0x08000190   0x08000190   0x00000000   Code   RO         4203    .ARM.Collect$$$$0000000A  mc_w.l(entry8b.o)
    0x08000190   0x08000190   0x00000008   Code   RO         4204    .ARM.Collect$$$$0000000B  mc_w.l(entry9a.o)
    0x08000198   0x08000198   0x00000000   Code   RO         4206    .ARM.Collect$$$$0000000D  mc_w.l(entry10a.o)
    0x08000198   0x08000198   0x00000000   Code   RO         4208    .ARM.Collect$$$$0000000F  mc_w.l(entry11a.o)
    0x08000198   0x08000198   0x00000004   Code   RO         4197    .ARM.Collect$$$$00002712  mc_w.l(entry2.o)
    0x0800019c   0x0800019c   0x00000024   Code   RO            4    .text               startup_stm32f407xx.o
    0x080001c0   0x080001c0   0x00000062   Code   RO         3862    .text               mc_w.l(uldiv.o)
    0x08000222   0x08000222   0x00000062   Code   RO         3864    .text               mc_w.l(ldiv.o)
    0x08000284   0x08000284   0x00000024   Code   RO         3866    .text               mc_w.l(memseta.o)
    0x080002a8   0x080002a8   0x0000001c   Code   RO         3868    .text               mc_w.l(strcmp.o)
    0x080002c4   0x080002c4   0x0000001a   Code   RO         3870    .text               mc_w.l(memcmp.o)
    0x080002de   0x080002de   0x0000014e   Code   RO         4133    .text               mf_w.l(dadd.o)
    0x0800042c   0x0800042c   0x000000e4   Code   RO         4135    .text               mf_w.l(dmul.o)
    0x08000510   0x08000510   0x000000de   Code   RO         4137    .text               mf_w.l(ddiv.o)
    0x080005ee   0x080005ee   0x00000022   Code   RO         4139    .text               mf_w.l(dflti.o)
    0x08000610   0x08000610   0x00000026   Code   RO         4141    .text               mf_w.l(f2d.o)
    0x08000636   0x08000636   0x00000038   Code   RO         4143    .text               mf_w.l(d2f.o)
    0x0800066e   0x0800066e   0x0000001e   Code   RO         4213    .text               mc_w.l(llshl.o)
    0x0800068c   0x0800068c   0x00000020   Code   RO         4215    .text               mc_w.l(llushr.o)
    0x080006ac   0x080006ac   0x00000024   Code   RO         4217    .text               mc_w.l(llsshr.o)
    0x080006d0   0x080006d0   0x00000000   Code   RO         4226    .text               mc_w.l(iusefp.o)
    0x080006d0   0x080006d0   0x0000006e   Code   RO         4227    .text               mf_w.l(fepilogue.o)
    0x0800073e   0x0800073e   0x000000ba   Code   RO         4229    .text               mf_w.l(depilogue.o)
    0x080007f8   0x080007f8   0x00000024   Code   RO         4237    .text               mc_w.l(init.o)
    0x0800081c   0x0800081c   0x000000a2   Code   RO         4239    .text               mf_w.l(dsqrt.o)
    0x080008be   0x080008be   0x00000002   Code   RO          315    i.BusFault_Handler  stm32f4xx_it.o
    0x080008c0   0x080008c0   0x00000002   Code   RO          316    i.DebugMon_Handler  stm32f4xx_it.o
    0x080008c2   0x080008c2   0x00000092   Code   RO         1994    i.HAL_DMA_Abort     stm32f4xx_hal_dma.o
    0x08000954   0x08000954   0x00000024   Code   RO         1995    i.HAL_DMA_Abort_IT  stm32f4xx_hal_dma.o
    0x08000978   0x08000978   0x00000024   Code   RO         2413    i.HAL_Delay         stm32f4xx_hal.o
    0x0800099c   0x0800099c   0x000001f0   Code   RO         1887    i.HAL_GPIO_Init     stm32f4xx_hal_gpio.o
    0x08000b8c   0x08000b8c   0x0000000a   Code   RO         1889    i.HAL_GPIO_ReadPin  stm32f4xx_hal_gpio.o
    0x08000b96   0x08000b96   0x00000010   Code   RO         1890    i.HAL_GPIO_TogglePin  stm32f4xx_hal_gpio.o
    0x08000ba6   0x08000ba6   0x0000000a   Code   RO         1891    i.HAL_GPIO_WritePin  stm32f4xx_hal_gpio.o
    0x08000bb0   0x08000bb0   0x0000000c   Code   RO         2419    i.HAL_GetTick       stm32f4xx_hal.o
    0x08000bbc   0x08000bbc   0x00000010   Code   RO         2425    i.HAL_IncTick       stm32f4xx_hal.o
    0x08000bcc   0x08000bcc   0x00000034   Code   RO         2426    i.HAL_Init          stm32f4xx_hal.o
    0x08000c00   0x08000c00   0x00000040   Code   RO         2427    i.HAL_InitTick      stm32f4xx_hal.o
    0x08000c40   0x08000c40   0x00000030   Code   RO          493    i.HAL_MspInit       stm32f4xx_hal_msp.o
    0x08000c70   0x08000c70   0x0000001a   Code   RO         2276    i.HAL_NVIC_EnableIRQ  stm32f4xx_hal_cortex.o
    0x08000c8a   0x08000c8a   0x00000002   PAD
    0x08000c8c   0x08000c8c   0x00000040   Code   RO         2282    i.HAL_NVIC_SetPriority  stm32f4xx_hal_cortex.o
    0x08000ccc   0x08000ccc   0x00000024   Code   RO         2283    i.HAL_NVIC_SetPriorityGrouping  stm32f4xx_hal_cortex.o
    0x08000cf0   0x08000cf0   0x00000134   Code   RO         1533    i.HAL_RCC_ClockConfig  stm32f4xx_hal_rcc.o
    0x08000e24   0x08000e24   0x00000020   Code   RO         1540    i.HAL_RCC_GetPCLK1Freq  stm32f4xx_hal_rcc.o
    0x08000e44   0x08000e44   0x00000020   Code   RO         1541    i.HAL_RCC_GetPCLK2Freq  stm32f4xx_hal_rcc.o
    0x08000e64   0x08000e64   0x00000060   Code   RO         1542    i.HAL_RCC_GetSysClockFreq  stm32f4xx_hal_rcc.o
    0x08000ec4   0x08000ec4   0x0000036c   Code   RO         1545    i.HAL_RCC_OscConfig  stm32f4xx_hal_rcc.o
    0x08001230   0x08001230   0x00000028   Code   RO         2287    i.HAL_SYSTICK_Config  stm32f4xx_hal_cortex.o
    0x08001258   0x08001258   0x00000002   Code   RO         1265    i.HAL_TIMEx_BreakCallback  stm32f4xx_hal_tim_ex.o
    0x0800125a   0x0800125a   0x00000002   Code   RO         1266    i.HAL_TIMEx_CommutCallback  stm32f4xx_hal_tim_ex.o
    0x0800125c   0x0800125c   0x00000054   Code   RO         1268    i.HAL_TIMEx_ConfigBreakDeadTime  stm32f4xx_hal_tim_ex.o
    0x080012b0   0x080012b0   0x00000090   Code   RO         1284    i.HAL_TIMEx_MasterConfigSynchronization  stm32f4xx_hal_tim_ex.o
    0x08001340   0x08001340   0x0000005a   Code   RO          561    i.HAL_TIM_Base_Init  stm32f4xx_hal_tim.o
    0x0800139a   0x0800139a   0x00000002   PAD
    0x0800139c   0x0800139c   0x00000070   Code   RO          495    i.HAL_TIM_Base_MspInit  stm32f4xx_hal_msp.o
    0x0800140c   0x0800140c   0x00000080   Code   RO          566    i.HAL_TIM_Base_Start_IT  stm32f4xx_hal_tim.o
    0x0800148c   0x0800148c   0x000000dc   Code   RO          570    i.HAL_TIM_ConfigClockSource  stm32f4xx_hal_tim.o
    0x08001568   0x08001568   0x000000a4   Code   RO          582    i.HAL_TIM_Encoder_Init  stm32f4xx_hal_tim.o
    0x0800160c   0x0800160c   0x000000c0   Code   RO          497    i.HAL_TIM_Encoder_MspInit  stm32f4xx_hal_msp.o
    0x080016cc   0x080016cc   0x0000008e   Code   RO          585    i.HAL_TIM_Encoder_Start  stm32f4xx_hal_tim.o
    0x0800175a   0x0800175a   0x00000002   Code   RO          595    i.HAL_TIM_IC_CaptureCallback  stm32f4xx_hal_tim.o
    0x0800175c   0x0800175c   0x00000166   Code   RO          609    i.HAL_TIM_IRQHandler  stm32f4xx_hal_tim.o
    0x080018c2   0x080018c2   0x00000002   PAD
    0x080018c4   0x080018c4   0x000000ac   Code   RO          498    i.HAL_TIM_MspPostInit  stm32f4xx_hal_msp.o
    0x08001970   0x08001970   0x00000002   Code   RO          612    i.HAL_TIM_OC_DelayElapsedCallback  stm32f4xx_hal_tim.o
    0x08001972   0x08001972   0x000000cc   Code   RO          633    i.HAL_TIM_PWM_ConfigChannel  stm32f4xx_hal_tim.o
    0x08001a3e   0x08001a3e   0x0000005a   Code   RO          636    i.HAL_TIM_PWM_Init  stm32f4xx_hal_tim.o
    0x08001a98   0x08001a98   0x00000002   Code   RO          638    i.HAL_TIM_PWM_MspInit  stm32f4xx_hal_tim.o
    0x08001a9a   0x08001a9a   0x00000002   Code   RO          639    i.HAL_TIM_PWM_PulseFinishedCallback  stm32f4xx_hal_tim.o
    0x08001a9c   0x08001a9c   0x000000c8   Code   RO          641    i.HAL_TIM_PWM_Start  stm32f4xx_hal_tim.o
    0x08001b64   0x08001b64   0x0000011c   Code   RO           14    i.HAL_TIM_PeriodElapsedCallback  main.o
    0x08001c80   0x08001c80   0x00000002   Code   RO          652    i.HAL_TIM_TriggerCallback  stm32f4xx_hal_tim.o
    0x08001c82   0x08001c82   0x00000002   Code   RO         2675    i.HAL_UARTEx_RxEventCallback  stm32f4xx_hal_uart.o
    0x08001c84   0x08001c84   0x00000002   Code   RO         2689    i.HAL_UART_ErrorCallback  stm32f4xx_hal_uart.o
    0x08001c86   0x08001c86   0x0000000a   Code   RO         2691    i.HAL_UART_GetState  stm32f4xx_hal_uart.o
    0x08001c90   0x08001c90   0x00000268   Code   RO         2692    i.HAL_UART_IRQHandler  stm32f4xx_hal_uart.o
    0x08001ef8   0x08001ef8   0x00000062   Code   RO         2693    i.HAL_UART_Init     stm32f4xx_hal_uart.o
    0x08001f5a   0x08001f5a   0x00000002   PAD
    0x08001f5c   0x08001f5c   0x0000007c   Code   RO          500    i.HAL_UART_MspInit  stm32f4xx_hal_msp.o
    0x08001fd8   0x08001fd8   0x0000002a   Code   RO         2698    i.HAL_UART_Receive_IT  stm32f4xx_hal_uart.o
    0x08002002   0x08002002   0x00000002   PAD
    0x08002004   0x08002004   0x000000d0   Code   RO           15    i.HAL_UART_RxCpltCallback  main.o
    0x080020d4   0x080020d4   0x00000002   Code   RO         2704    i.HAL_UART_TxCpltCallback  stm32f4xx_hal_uart.o
    0x080020d6   0x080020d6   0x00000002   Code   RO          317    i.HardFault_Handler  stm32f4xx_it.o
    0x080020d8   0x080020d8   0x00000050   Code   RO         3170    i.IIC_Ack           myiic.o
    0x08002128   0x08002128   0x0000004c   Code   RO         3171    i.IIC_Init          myiic.o
    0x08002174   0x08002174   0x00000050   Code   RO         3172    i.IIC_NAck          myiic.o
    0x080021c4   0x080021c4   0x00000068   Code   RO         3173    i.IIC_Read_Byte     myiic.o
    0x0800222c   0x0800222c   0x0000006c   Code   RO         3174    i.IIC_Send_Byte     myiic.o
    0x08002298   0x08002298   0x00000050   Code   RO         3175    i.IIC_Start         myiic.o
    0x080022e8   0x080022e8   0x00000050   Code   RO         3176    i.IIC_Stop          myiic.o
    0x08002338   0x08002338   0x00000064   Code   RO         3177    i.IIC_Wait_Ack      myiic.o
    0x0800239c   0x0800239c   0x0000003c   Code   RO           16    i.KEY_Init          main.o
    0x080023d8   0x080023d8   0x0000005c   Code   RO           17    i.LED_Init          main.o
    0x08002434   0x08002434   0x00000032   Code   RO         3062    i.MPU_Get_Accelerometer  mpu6050.o
    0x08002466   0x08002466   0x00000032   Code   RO         3063    i.MPU_Get_Gyroscope  mpu6050.o
    0x08002498   0x08002498   0x00000064   Code   RO         3064    i.MPU_Get_Temperature  mpu6050.o
    0x080024fc   0x080024fc   0x00000090   Code   RO         3065    i.MPU_Init          mpu6050.o
    0x0800258c   0x0800258c   0x0000003a   Code   RO         3066    i.MPU_Read_Byte     mpu6050.o
    0x080025c6   0x080025c6   0x00000002   PAD
    0x080025c8   0x080025c8   0x0000006c   Code   RO         3067    i.MPU_Read_Len      mpu6050.o
    0x08002634   0x08002634   0x0000000a   Code   RO         3068    i.MPU_Set_Accel_Fsr  mpu6050.o
    0x0800263e   0x0800263e   0x0000000a   Code   RO         3069    i.MPU_Set_Gyro_Fsr  mpu6050.o
    0x08002648   0x08002648   0x00000030   Code   RO         3070    i.MPU_Set_LPF       mpu6050.o
    0x08002678   0x08002678   0x0000002e   Code   RO         3071    i.MPU_Set_Rate      mpu6050.o
    0x080026a6   0x080026a6   0x0000003c   Code   RO         3072    i.MPU_Write_Byte    mpu6050.o
    0x080026e2   0x080026e2   0x00000052   Code   RO         3073    i.MPU_Write_Len     mpu6050.o
    0x08002734   0x08002734   0x000000ac   Code   RO           18    i.MX_GPIO_Init      main.o
    0x080027e0   0x080027e0   0x000000fc   Code   RO           19    i.MX_TIM1_Init      main.o
    0x080028dc   0x080028dc   0x00000068   Code   RO           20    i.MX_TIM2_Init      main.o
    0x08002944   0x08002944   0x000000cc   Code   RO           21    i.MX_TIM3_Init      main.o
    0x08002a10   0x08002a10   0x0000006c   Code   RO           22    i.MX_TIM4_Init      main.o
    0x08002a7c   0x08002a7c   0x0000006c   Code   RO           23    i.MX_TIM8_Init      main.o
    0x08002ae8   0x08002ae8   0x00000002   Code   RO          318    i.MemManage_Handler  stm32f4xx_it.o
    0x08002aea   0x08002aea   0x00000002   Code   RO          319    i.NMI_Handler       stm32f4xx_it.o
    0x08002aec   0x08002aec   0x00000002   Code   RO          320    i.PendSV_Handler    stm32f4xx_it.o
    0x08002aee   0x08002aee   0x00000002   Code   RO          321    i.SVC_Handler       stm32f4xx_it.o
    0x08002af0   0x08002af0   0x00000004   Code   RO          322    i.SysTick_Handler   stm32f4xx_it.o
    0x08002af4   0x08002af4   0x00000094   Code   RO           24    i.SystemClock_Config  main.o
    0x08002b88   0x08002b88   0x00000010   Code   RO         3022    i.SystemInit        system_stm32f4xx.o
    0x08002b98   0x08002b98   0x0000000c   Code   RO          323    i.TIM2_IRQHandler   stm32f4xx_it.o
    0x08002ba4   0x08002ba4   0x0000000c   Code   RO          324    i.TIM4_IRQHandler   stm32f4xx_it.o
    0x08002bb0   0x08002bb0   0x000000c8   Code   RO          654    i.TIM_Base_SetConfig  stm32f4xx_hal_tim.o
    0x08002c78   0x08002c78   0x0000001a   Code   RO          655    i.TIM_CCxChannelCmd  stm32f4xx_hal_tim.o
    0x08002c92   0x08002c92   0x00000014   Code   RO          665    i.TIM_ETR_SetConfig  stm32f4xx_hal_tim.o
    0x08002ca6   0x08002ca6   0x00000010   Code   RO          666    i.TIM_ITRx_SetConfig  stm32f4xx_hal_tim.o
    0x08002cb6   0x08002cb6   0x00000002   PAD
    0x08002cb8   0x08002cb8   0x00000060   Code   RO          667    i.TIM_OC1_SetConfig  stm32f4xx_hal_tim.o
    0x08002d18   0x08002d18   0x0000006c   Code   RO          668    i.TIM_OC2_SetConfig  stm32f4xx_hal_tim.o
    0x08002d84   0x08002d84   0x00000068   Code   RO          669    i.TIM_OC3_SetConfig  stm32f4xx_hal_tim.o
    0x08002dec   0x08002dec   0x00000050   Code   RO          670    i.TIM_OC4_SetConfig  stm32f4xx_hal_tim.o
    0x08002e3c   0x08002e3c   0x00000022   Code   RO          672    i.TIM_TI1_ConfigInputStage  stm32f4xx_hal_tim.o
    0x08002e5e   0x08002e5e   0x00000024   Code   RO          674    i.TIM_TI2_ConfigInputStage  stm32f4xx_hal_tim.o
    0x08002e82   0x08002e82   0x00000010   Code   RO         2706    i.UART_DMAAbortOnError  stm32f4xx_hal_uart.o
    0x08002e92   0x08002e92   0x0000004e   Code   RO         2716    i.UART_EndRxTransfer  stm32f4xx_hal_uart.o
    0x08002ee0   0x08002ee0   0x000000c0   Code   RO         2718    i.UART_Receive_IT   stm32f4xx_hal_uart.o
    0x08002fa0   0x08002fa0   0x0000010c   Code   RO         2719    i.UART_SetConfig    stm32f4xx_hal_uart.o
    0x080030ac   0x080030ac   0x0000003a   Code   RO         2721    i.UART_Start_Receive_IT  stm32f4xx_hal_uart.o
    0x080030e6   0x080030e6   0x00000002   PAD
    0x080030e8   0x080030e8   0x0000002c   Code   RO           25    i.USART3_IRQHandler  main.o
    0x08003114   0x08003114   0x00000002   Code   RO          325    i.UsageFault_Handler  stm32f4xx_it.o
    0x08003116   0x08003116   0x00000002   PAD
    0x08003118   0x08003118   0x00000020   Code   RO         4079    i.__0printf$8       mc_w.l(printf8.o)
    0x08003138   0x08003138   0x00000030   Code   RO         4179    i.__ARM_fpclassify  m_wm.l(fpclassify.o)
    0x08003168   0x08003168   0x00000020   Code   RO         2289    i.__NVIC_SetPriority  stm32f4xx_hal_cortex.o
    0x08003188   0x08003188   0x00000360   Code   RO         3833    i.__hardfp_asin     m_wm.l(asin.o)
    0x080034e8   0x080034e8   0x000002d8   Code   RO         4145    i.__hardfp_atan     m_wm.l(atan.o)
    0x080037c0   0x080037c0   0x000001f0   Code   RO         3847    i.__hardfp_atan2    m_wm.l(atan2.o)
    0x080039b0   0x080039b0   0x000000f8   Code   RO         4181    i.__kernel_poly     m_wm.l(poly.o)
    0x08003aa8   0x08003aa8   0x00000014   Code   RO         4160    i.__mathlib_dbl_infnan  m_wm.l(dunder.o)
    0x08003abc   0x08003abc   0x00000014   Code   RO         4161    i.__mathlib_dbl_infnan2  m_wm.l(dunder.o)
    0x08003ad0   0x08003ad0   0x00000020   Code   RO         4162    i.__mathlib_dbl_invalid  m_wm.l(dunder.o)
    0x08003af0   0x08003af0   0x00000020   Code   RO         4165    i.__mathlib_dbl_underflow  m_wm.l(dunder.o)
    0x08003b10   0x08003b10   0x0000000e   Code   RO         4245    i.__scatterload_copy  mc_w.l(handlers.o)
    0x08003b1e   0x08003b1e   0x00000002   Code   RO         4246    i.__scatterload_null  mc_w.l(handlers.o)
    0x08003b20   0x08003b20   0x0000000e   Code   RO         4247    i.__scatterload_zeroinit  mc_w.l(handlers.o)
    0x08003b2e   0x08003b2e   0x00000002   PAD
    0x08003b30   0x08003b30   0x0000000c   Code   RO         4221    i.__set_errno       mc_w.l(errno.o)
    0x08003b3c   0x08003b3c   0x00000410   Code   RO         4086    i._printf_core      mc_w.l(printf8.o)
    0x08003f4c   0x08003f4c   0x00000024   Code   RO         4087    i._printf_post_padding  mc_w.l(printf8.o)
    0x08003f70   0x08003f70   0x0000002e   Code   RO         4088    i._printf_pre_padding  mc_w.l(printf8.o)
    0x08003f9e   0x08003f9e   0x00000002   PAD
    0x08003fa0   0x08003fa0   0x00000090   Code   RO         3279    i.accel_self_test   inv_mpu.o
    0x08004030   0x08004030   0x00000010   Code   RO         4147    i.atan              m_wm.l(atan.o)
    0x08004040   0x08004040   0x00000068   Code   RO           26    i.balance           main.o
    0x080040a8   0x080040a8   0x00000016   Code   RO         3178    i.delay_ms          myiic.o
    0x080040be   0x080040be   0x00000010   Code   RO         3179    i.delay_us          myiic.o
    0x080040ce   0x080040ce   0x0000003a   Code   RO         3641    i.dmp_enable_6x_lp_quat  inv_mpu_dmp_motion_driver.o
    0x08004108   0x08004108   0x000001d8   Code   RO         3642    i.dmp_enable_feature  inv_mpu_dmp_motion_driver.o
    0x080042e0   0x080042e0   0x0000003c   Code   RO         3643    i.dmp_enable_gyro_cal  inv_mpu_dmp_motion_driver.o
    0x0800431c   0x0800431c   0x0000003a   Code   RO         3644    i.dmp_enable_lp_quat  inv_mpu_dmp_motion_driver.o
    0x08004356   0x08004356   0x00000002   PAD
    0x08004358   0x08004358   0x00000014   Code   RO         3649    i.dmp_load_motion_driver_firmware  inv_mpu_dmp_motion_driver.o
    0x0800436c   0x0800436c   0x00000148   Code   RO         3650    i.dmp_read_fifo     inv_mpu_dmp_motion_driver.o
    0x080044b4   0x080044b4   0x000000d8   Code   RO         3653    i.dmp_set_accel_bias  inv_mpu_dmp_motion_driver.o
    0x0800458c   0x0800458c   0x00000064   Code   RO         3654    i.dmp_set_fifo_rate  inv_mpu_dmp_motion_driver.o
    0x080045f0   0x080045f0   0x000000cc   Code   RO         3655    i.dmp_set_gyro_bias  inv_mpu_dmp_motion_driver.o
    0x080046bc   0x080046bc   0x0000010c   Code   RO         3657    i.dmp_set_orientation  inv_mpu_dmp_motion_driver.o
    0x080047c8   0x080047c8   0x00000030   Code   RO         3660    i.dmp_set_shake_reject_thresh  inv_mpu_dmp_motion_driver.o
    0x080047f8   0x080047f8   0x00000020   Code   RO         3661    i.dmp_set_shake_reject_time  inv_mpu_dmp_motion_driver.o
    0x08004818   0x08004818   0x00000020   Code   RO         3662    i.dmp_set_shake_reject_timeout  inv_mpu_dmp_motion_driver.o
    0x08004838   0x08004838   0x00000040   Code   RO         3663    i.dmp_set_tap_axes  inv_mpu_dmp_motion_driver.o
    0x08004878   0x08004878   0x00000022   Code   RO         3664    i.dmp_set_tap_count  inv_mpu_dmp_motion_driver.o
    0x0800489a   0x0800489a   0x00000002   PAD
    0x0800489c   0x0800489c   0x00000160   Code   RO         3665    i.dmp_set_tap_thresh  inv_mpu_dmp_motion_driver.o
    0x080049fc   0x080049fc   0x00000020   Code   RO         3666    i.dmp_set_tap_time  inv_mpu_dmp_motion_driver.o
    0x08004a1c   0x08004a1c   0x00000020   Code   RO         3667    i.dmp_set_tap_time_multi  inv_mpu_dmp_motion_driver.o
    0x08004a3c   0x08004a3c   0x00000018   Code   RO         4175    i.fabs              m_wm.l(fabs.o)
    0x08004a54   0x08004a54   0x00000018   Code   RO           27    i.fputc             main.o
    0x08004a6c   0x08004a6c   0x000000b4   Code   RO         3280    i.get_accel_prod_shift  inv_mpu.o
    0x08004b20   0x08004b20   0x00000314   Code   RO         3281    i.get_st_biases     inv_mpu.o
    0x08004e34   0x08004e34   0x000000d4   Code   RO         3282    i.gyro_self_test    inv_mpu.o
    0x08004f08   0x08004f08   0x00000022   Code   RO         3283    i.inv_orientation_matrix_to_scalar  inv_mpu.o
    0x08004f2a   0x08004f2a   0x00000048   Code   RO         3284    i.inv_row_2_scale   inv_mpu.o
    0x08004f72   0x08004f72   0x00000002   PAD
    0x08004f74   0x08004f74   0x000000fc   Code   RO           29    i.main              main.o
    0x08005070   0x08005070   0x00000002   Code   RO         3285    i.mget_ms           inv_mpu.o
    0x08005072   0x08005072   0x00000002   PAD
    0x08005074   0x08005074   0x00000054   Code   RO         3286    i.mpu_configure_fifo  inv_mpu.o
    0x080050c8   0x080050c8   0x00000164   Code   RO         3287    i.mpu_dmp_get_data  inv_mpu.o
    0x0800522c   0x0800522c   0x000001ac   Code   RO         3288    i.mpu_dmp_init      inv_mpu.o
    0x080053d8   0x080053d8   0x0000003c   Code   RO         3289    i.mpu_get_accel_fsr  inv_mpu.o
    0x08005414   0x08005414   0x00000044   Code   RO         3291    i.mpu_get_accel_sens  inv_mpu.o
    0x08005458   0x08005458   0x00000034   Code   RO         3297    i.mpu_get_gyro_fsr  inv_mpu.o
    0x0800548c   0x0800548c   0x0000004c   Code   RO         3299    i.mpu_get_gyro_sens  inv_mpu.o
    0x080054d8   0x080054d8   0x00000038   Code   RO         3301    i.mpu_get_lpf       inv_mpu.o
    0x08005510   0x08005510   0x0000001c   Code   RO         3303    i.mpu_get_sample_rate  inv_mpu.o
    0x0800552c   0x0800552c   0x00000188   Code   RO         3305    i.mpu_init          inv_mpu.o
    0x080056b4   0x080056b4   0x000000a0   Code   RO         3306    i.mpu_load_firmware  inv_mpu.o
    0x08005754   0x08005754   0x000000b8   Code   RO         3307    i.mpu_lp_accel_mode  inv_mpu.o
    0x0800580c   0x0800580c   0x00000090   Code   RO         3310    i.mpu_read_fifo_stream  inv_mpu.o
    0x0800589c   0x0800589c   0x00000054   Code   RO         3311    i.mpu_read_mem      inv_mpu.o
    0x080058f0   0x080058f0   0x00000160   Code   RO         3314    i.mpu_reset_fifo    inv_mpu.o
    0x08005a50   0x08005a50   0x000000f0   Code   RO         3315    i.mpu_run_self_test  inv_mpu.o
    0x08005b40   0x08005b40   0x00000068   Code   RO         3317    i.mpu_set_accel_fsr  inv_mpu.o
    0x08005ba8   0x08005ba8   0x000000dc   Code   RO         3318    i.mpu_set_bypass    inv_mpu.o
    0x08005c84   0x08005c84   0x00000078   Code   RO         3320    i.mpu_set_dmp_state  inv_mpu.o
    0x08005cfc   0x08005cfc   0x0000006c   Code   RO         3321    i.mpu_set_gyro_fsr  inv_mpu.o
    0x08005d68   0x08005d68   0x00000064   Code   RO         3322    i.mpu_set_int_latched  inv_mpu.o
    0x08005dcc   0x08005dcc   0x0000006c   Code   RO         3324    i.mpu_set_lpf       inv_mpu.o
    0x08005e38   0x08005e38   0x00000080   Code   RO         3325    i.mpu_set_sample_rate  inv_mpu.o
    0x08005eb8   0x08005eb8   0x000000b8   Code   RO         3326    i.mpu_set_sensors   inv_mpu.o
    0x08005f70   0x08005f70   0x00000054   Code   RO         3327    i.mpu_write_mem     inv_mpu.o
    0x08005fc4   0x08005fc4   0x00000088   Code   RO         3328    i.run_self_test     inv_mpu.o
    0x0800604c   0x0800604c   0x00000058   Code   RO         3329    i.set_int_enable    inv_mpu.o
    0x080060a4   0x080060a4   0x0000006e   Code   RO         4186    i.sqrt              m_wm.l(sqrt.o)
    0x08006112   0x08006112   0x00000002   PAD
    0x08006114   0x08006114   0x00000038   Code   RO           33    i.uart3_init        main.o
    0x0800614c   0x0800614c   0x000000e8   Code   RO           34    i.velocity          main.o
    0x08006234   0x08006234   0x00000010   Data   RO         3023    .constdata          system_stm32f4xx.o
    0x08006244   0x08006244   0x00000008   Data   RO         3024    .constdata          system_stm32f4xx.o
    0x0800624c   0x0800624c   0x0000001b   Data   RO         3331    .constdata          inv_mpu.o
    0x08006267   0x08006267   0x00000001   PAD
    0x08006268   0x08006268   0x0000000c   Data   RO         3332    .constdata          inv_mpu.o
    0x08006274   0x08006274   0x00000028   Data   RO         3333    .constdata          inv_mpu.o
    0x0800629c   0x0800629c   0x00000bf6   Data   RO         3669    .constdata          inv_mpu_dmp_motion_driver.o
    0x08006e92   0x08006e92   0x00000006   PAD
    0x08006e98   0x08006e98   0x00000050   Data   RO         3836    .constdata          m_wm.l(asin.o)
    0x08006ee8   0x08006ee8   0x00000098   Data   RO         4148    .constdata          m_wm.l(atan.o)
    0x08006f80   0x08006f80   0x00000008   Data   RO         4183    .constdata          m_wm.l(qnan.o)
    0x08006f88   0x08006f88   0x0000004d   Data   RO         3334    .conststring        inv_mpu.o
    0x08006fd5   0x08006fd5   0x00000003   PAD
    0x08006fd8   0x08006fd8   0x00000020   Data   RO         4243    Region$$Table       anon$$obj.o


    Execution Region RW_IRAM1 (Exec base: 0x20000000, Load base: 0x08006ff8, Size: 0x00000718, Max: 0x0001c000, ABSOLUTE)

    Exec Addr    Load Addr    Size         Type   Attr      Idx    E Section Name        Object

    0x20000000   0x08006ff8   0x0000005c   Data   RW           36    .data               main.o
    0x2000005c   0x08007054   0x0000000c   Data   RW         2433    .data               stm32f4xx_hal.o
    0x20000068   0x08007060   0x00000004   Data   RW         3025    .data               system_stm32f4xx.o
    0x2000006c   0x08007064   0x00000001   Data   RW         3074    .data               mpu6050.o
    0x2000006d   0x08007065   0x00000003   PAD
    0x20000070   0x08007068   0x00000035   Data   RW         3335    .data               inv_mpu.o
    0x200000a5   0x0800709d   0x00000003   PAD
    0x200000a8   0x080070a0   0x00000004   Data   RW         4210    .data               mc_w.l(stdout.o)
    0x200000ac   0x080070a4   0x00000004   Data   RW         4222    .data               mc_w.l(errno.o)
    0x200000b0        -       0x00000254   Zero   RW           35    .bss                main.o
    0x20000304        -       0x00000010   Zero   RW         3668    .bss                inv_mpu_dmp_motion_driver.o
    0x20000314   0x080070a8   0x00000004   PAD
    0x20000318        -       0x00000400   Zero   RW            1    STACK               startup_stm32f407xx.o


    Execution Region RW_IRAM2 (Exec base: 0x2001c000, Load base: 0x080070a8, Size: 0x00000000, Max: 0x00004000, ABSOLUTE)

    **** No section assigned to this execution region ****


==============================================================================

Image component sizes


      Code (inc. data)   RO Data    RW Data    ZI Data      Debug   Object Name

      5576        506        156         53          0      31082   inv_mpu.o
      2410        134       3062          0         16      20014   inv_mpu_dmp_motion_driver.o
      2452        254          0         92        596     706799   main.o
       766         34          0          1          0       8174   mpu6050.o
       746         38          0          0          0       5768   myiic.o
        36          8        392          0       1024        832   startup_stm32f407xx.o
       180         28          0         12          0       9377   stm32f4xx_hal.o
       198         14          0          0          0      33919   stm32f4xx_hal_cortex.o
       182          0          0          0          0       2087   stm32f4xx_hal_dma.o
       532         46          0          0          0       3476   stm32f4xx_hal_gpio.o
       648         76          0          0          0       3972   stm32f4xx_hal_msp.o
      1344         72          0          0          0       5216   stm32f4xx_hal_rcc.o
      2326        136          0          0          0      18757   stm32f4xx_hal_tim.o
       232         28          0          0          0       3253   stm32f4xx_hal_tim_ex.o
      1384         16          0          0          0       9796   stm32f4xx_hal_uart.o
        44         12          0          0          0     690570   stm32f4xx_it.o
        16          4         24          4          0       1115   system_stm32f4xx.o

    ----------------------------------------------------------------------
     19098       1406       3676        168       1640    1554207   Object Totals
         0          0         32          0          0          0   (incl. Generated)
        26          0         10          6          4          0   (incl. Padding)

    ----------------------------------------------------------------------

      Code (inc. data)   RO Data    RW Data    ZI Data      Debug   Library Member Name

       864         94         80          0          0        280   asin.o
       744        106        152          0          0        352   atan.o
       496         64          0          0          0        192   atan2.o
       104         16          0          0          0        496   dunder.o
        24          0          0          0          0        124   fabs.o
        48          0          0          0          0        124   fpclassify.o
       248          0          0          0          0        152   poly.o
         0          0          8          0          0          0   qnan.o
       110          0          0          0          0        148   sqrt.o
         0          0          0          0          0          0   entry.o
         0          0          0          0          0          0   entry10a.o
         0          0          0          0          0          0   entry11a.o
         8          4          0          0          0          0   entry2.o
         4          0          0          0          0          0   entry5.o
         0          0          0          0          0          0   entry7b.o
         0          0          0          0          0          0   entry8b.o
         8          4          0          0          0          0   entry9a.o
        12          6          0          4          0         68   errno.o
        30          0          0          0          0          0   handlers.o
        36          8          0          0          0         68   init.o
         0          0          0          0          0          0   iusefp.o
        98          0          0          0          0         84   ldiv.o
        30          0          0          0          0         68   llshl.o
        36          0          0          0          0         68   llsshr.o
        32          0          0          0          0         68   llushr.o
        26          0          0          0          0         80   memcmp.o
        36          0          0          0          0        108   memseta.o
      1154         54          0          0          0        352   printf8.o
         0          0          0          4          0          0   stdout.o
        28          0          0          0          0         76   strcmp.o
        98          0          0          0          0         92   uldiv.o
        56          0          0          0          0         88   d2f.o
       334          0          0          0          0        148   dadd.o
       222          0          0          0          0        100   ddiv.o
       186          0          0          0          0        176   depilogue.o
        34          0          0          0          0         76   dflti.o
       228          0          0          0          0         96   dmul.o
       162          0          0          0          0        100   dsqrt.o
        38          0          0          0          0         68   f2d.o
       110          0          0          0          0        168   fepilogue.o

    ----------------------------------------------------------------------
      5650        356        240          8          0       4020   Library Totals
         6          0          0          0          0          0   (incl. Padding)

    ----------------------------------------------------------------------

      Code (inc. data)   RO Data    RW Data    ZI Data      Debug   Library Name

      2638        280        240          0          0       1868   m_wm.l
      1636         76          0          8          0       1132   mc_w.l
      1370          0          0          0          0       1020   mf_w.l

    ----------------------------------------------------------------------
      5650        356        240          8          0       4020   Library Totals

    ----------------------------------------------------------------------

==============================================================================


      Code (inc. data)   RO Data    RW Data    ZI Data      Debug   

     24748       1762       3916        176       1640    1540191   Grand Totals
     24748       1762       3916        176       1640    1540191   ELF Image Totals
     24748       1762       3916        176          0          0   ROM Totals

==============================================================================

    Total RO  Size (Code + RO Data)                28664 (  27.99kB)
    Total RW  Size (RW Data + ZI Data)              1816 (   1.77kB)
    Total ROM Size (Code + RO Data + RW Data)      28840 (  28.16kB)

==============================================================================

