<html>
<body>
<pre>
<h1>µVision Build Log</h1>
<h2>Tool Versions:</h2>
IDE-Version: ¦ÌVision V5.28.0.0
Copyright (C) 2019 ARM Ltd and ARM Germany GmbH. All rights reserved.
License Information: www lenovo, www, LIC=FYKYW-QVCHA-VE4HA-1Y6S0-BXKR0-R2UNW
 
Tool Versions:
Toolchain:       MDK-ARM Plus  Version: 5.28.0.0
Toolchain Path:  D:\keil\ARM\ARMCC\Bin
C Compiler:      Armcc.exe V5.06 update 6 (build 750)
Assembler:       Armasm.exe V5.06 update 6 (build 750)
Linker/Locator:  ArmLink.exe V5.06 update 6 (build 750)
Library Manager: ArmAr.exe V5.06 update 6 (build 750)
Hex Converter:   FromElf.exe V5.06 update 6 (build 750)
CPU DLL:         SARMCM3.DLL V5.28.0.0
Dialog DLL:      DCM.DLL V1.17.3.0
Target DLL:      CMSIS_AGDI.dll V1.31.18.0
Dialog DLL:      TCM.DLL V1.36.2.0
 
<h2>Project:</h2>
C:\Users\lenovo\Desktop\ALL3\ALL\MDK-ARM\Encoder.uvprojx
Project File Date:  02/06/2023

<h2>Output:</h2>
*** Using Compiler 'V5.06 update 6 (build 750)', folder: 'D:\keil\ARM\ARMCC\Bin'
Build target 'Encoder'
compiling main.c...
../Core/Src/main.c(689): warning:  #1035-D: single-precision operand implicitly converted to double-precision
  	 Gyro = Gyro/16.4;
../Core/Src/main.c(707): warning:  #1035-D: single-precision operand implicitly converted to double-precision
      float Velocity_Kp=1,Velocity_Ki=Velocity_Kp/200.0;
../Core/Src/main.c(711): warning:  #1035-D: single-precision operand implicitly converted to double-precision
      Encoder *= 0.8;                                                  //===Ò»½×µÍÍ¨ÂË²¨Æ÷       
../Core/Src/main.c(712): warning:  #1035-D: single-precision operand implicitly converted to double-precision
      Encoder += Encoder_Last*0.2;                                    //===Ò»½×µÍÍ¨ÂË²¨Æ÷    
../Core/Src/main.c: 4 warnings, 0 errors
linking...
Program Size: Code=24748 RO-data=3916 RW-data=176 ZI-data=1640  
FromELF: creating hex file...
"Encodeer\Encodeer.axf" - 0 Error(s), 4 Warning(s).

<h2>Software Packages used:</h2>

Package Vendor: ARM
                http://www.keil.com/pack/ARM.CMSIS.5.5.1.pack
                ARM.CMSIS.5.5.1
                CMSIS (Cortex Microcontroller Software Interface Standard)
   * Component: CORE Version: 5.2.0

Package Vendor: Keil
                http://www.keil.com/pack/Keil.STM32F4xx_DFP.2.9.0.pack
                Keil.STM32F4xx_DFP.2.9.0
                STMicroelectronics STM32F4 Series Device Support, Drivers and Examples

<h2>Collection of Component include folders:</h2>
  .\RTE\_Encoder
  D:\keil\ARM\CMSIS\5.5.1\CMSIS\Core\Include
  D:\keil\Keil\STM32F4xx_DFP\2.9.0\Drivers\CMSIS\Device\ST\STM32F4xx\Include

<h2>Collection of Component Files used:</h2>

   * Component: ARM::CMSIS:CORE:5.2.0
Build Time Elapsed:  00:00:03
</pre>
</body>
</html>
